Component: ARM Compiler 5.06 update 5 (build 528) Tool: armlink [4d35e2]

==============================================================================

Section Cross References

    startup_stm32h723xx.o(STACK) refers (Special) to heapauxi.o(.text) for __use_two_region_memory
    startup_stm32h723xx.o(HEAP) refers (Special) to heapauxi.o(.text) for __use_two_region_memory
    startup_stm32h723xx.o(RESET) refers (Special) to heapauxi.o(.text) for __use_two_region_memory
    startup_stm32h723xx.o(RESET) refers to startup_stm32h723xx.o(STACK) for __initial_sp
    startup_stm32h723xx.o(RESET) refers to startup_stm32h723xx.o(.text) for Reset_Handler
    startup_stm32h723xx.o(RESET) refers to stm32h7xx_it.o(i.NMI_Handler) for NMI_Handler
    startup_stm32h723xx.o(RESET) refers to stm32h7xx_it.o(i.HardFault_Handler) for HardFault_Handler
    startup_stm32h723xx.o(RESET) refers to stm32h7xx_it.o(i.MemManage_Handler) for MemManage_Handler
    startup_stm32h723xx.o(RESET) refers to stm32h7xx_it.o(i.BusFault_Handler) for BusFault_Handler
    startup_stm32h723xx.o(RESET) refers to stm32h7xx_it.o(i.UsageFault_Handler) for UsageFault_Handler
    startup_stm32h723xx.o(RESET) refers to port.o(.emb_text) for SVC_Handler
    startup_stm32h723xx.o(RESET) refers to stm32h7xx_it.o(i.DebugMon_Handler) for DebugMon_Handler
    startup_stm32h723xx.o(RESET) refers to cmsis_os2.o(i.SysTick_Handler) for SysTick_Handler
    startup_stm32h723xx.o(RESET) refers to stm32h7xx_it.o(i.TIM8_UP_TIM13_IRQHandler) for TIM8_UP_TIM13_IRQHandler
    startup_stm32h723xx.o(.text) refers (Special) to heapauxi.o(.text) for __use_two_region_memory
    startup_stm32h723xx.o(.text) refers to system_stm32h7xx.o(i.ExitRun0Mode) for ExitRun0Mode
    startup_stm32h723xx.o(.text) refers to system_stm32h7xx.o(i.SystemInit) for SystemInit
    startup_stm32h723xx.o(.text) refers to __main.o(!!!main) for __main
    startup_stm32h723xx.o(.text) refers to startup_stm32h723xx.o(HEAP) for Heap_Mem
    startup_stm32h723xx.o(.text) refers to startup_stm32h723xx.o(STACK) for Stack_Mem
    main.o(i.HAL_TIM_PeriodElapsedCallback) refers to stm32h7xx_hal.o(i.HAL_IncTick) for HAL_IncTick
    main.o(i.SystemClock_Config) refers to rt_memclr_w.o(.text) for __aeabi_memclr4
    main.o(i.SystemClock_Config) refers to stm32h7xx_hal_pwr_ex.o(i.HAL_PWREx_ConfigSupply) for HAL_PWREx_ConfigSupply
    main.o(i.SystemClock_Config) refers to stm32h7xx_hal_rcc.o(i.HAL_RCC_OscConfig) for HAL_RCC_OscConfig
    main.o(i.SystemClock_Config) refers to stm32h7xx_hal_rcc.o(i.HAL_RCC_ClockConfig) for HAL_RCC_ClockConfig
    main.o(i.main) refers to stm32h7xx_hal_cortex.o(i.HAL_MPU_Disable) for HAL_MPU_Disable
    main.o(i.main) refers to stm32h7xx_hal_cortex.o(i.HAL_MPU_ConfigRegion) for HAL_MPU_ConfigRegion
    main.o(i.main) refers to stm32h7xx_hal_cortex.o(i.HAL_MPU_Enable) for HAL_MPU_Enable
    main.o(i.main) refers to stm32h7xx_hal.o(i.HAL_Init) for HAL_Init
    main.o(i.main) refers to main.o(i.SystemClock_Config) for SystemClock_Config
    main.o(i.main) refers to gpio.o(i.MX_GPIO_Init) for MX_GPIO_Init
    main.o(i.main) refers to fdcan.o(i.MX_FDCAN1_Init) for MX_FDCAN1_Init
    main.o(i.main) refers to fdcan.o(i.MX_FDCAN2_Init) for MX_FDCAN2_Init
    main.o(i.main) refers to fdcan.o(i.MX_FDCAN3_Init) for MX_FDCAN3_Init
    main.o(i.main) refers to cmsis_os2.o(i.osKernelInitialize) for osKernelInitialize
    main.o(i.main) refers to freertos.o(i.MX_FREERTOS_Init) for MX_FREERTOS_Init
    main.o(i.main) refers to cmsis_os2.o(i.osKernelStart) for osKernelStart
    freertos.o(i.MX_FREERTOS_Init) refers to cmsis_os2.o(i.osThreadNew) for osThreadNew
    freertos.o(i.MX_FREERTOS_Init) refers to freertos.o(.constdata) for .constdata
    freertos.o(i.MX_FREERTOS_Init) refers to freertos.o(i.StartDefaultTask) for StartDefaultTask
    freertos.o(i.MX_FREERTOS_Init) refers to freertos.o(.data) for .data
    freertos.o(i.StartDefaultTask) refers to cmsis_os2.o(i.osDelay) for osDelay
    freertos.o(.constdata) refers to freertos.o(.conststring) for .conststring
    fdcan.o(i.HAL_FDCAN_MspDeInit) refers to stm32h7xx_hal_gpio.o(i.HAL_GPIO_DeInit) for HAL_GPIO_DeInit
    fdcan.o(i.HAL_FDCAN_MspDeInit) refers to fdcan.o(.data) for .data
    fdcan.o(i.HAL_FDCAN_MspInit) refers to rt_memclr_w.o(.text) for __aeabi_memclr4
    fdcan.o(i.HAL_FDCAN_MspInit) refers to stm32h7xx_hal_rcc_ex.o(i.HAL_RCCEx_PeriphCLKConfig) for HAL_RCCEx_PeriphCLKConfig
    fdcan.o(i.HAL_FDCAN_MspInit) refers to main.o(i.Error_Handler) for Error_Handler
    fdcan.o(i.HAL_FDCAN_MspInit) refers to stm32h7xx_hal_gpio.o(i.HAL_GPIO_Init) for HAL_GPIO_Init
    fdcan.o(i.HAL_FDCAN_MspInit) refers to fdcan.o(.data) for .data
    fdcan.o(i.MX_FDCAN1_Init) refers to stm32h7xx_hal_fdcan.o(i.HAL_FDCAN_Init) for HAL_FDCAN_Init
    fdcan.o(i.MX_FDCAN1_Init) refers to main.o(i.Error_Handler) for Error_Handler
    fdcan.o(i.MX_FDCAN1_Init) refers to fdcan.o(.bss) for .bss
[...]
    .text                                    0x080005c0   Section        0  heapauxi.o(.text)
    .text                                    0x080005c6   Section       68  rt_memclr.o(.text)
    .text                                    0x0800060a   Section       74  sys_stackheap_outer.o(.text)
    .text                                    0x08000654   Section        0  exit.o(.text)
    .text                                    0x08000668   Section        8  libspace.o(.text)
    .text                                    0x08000670   Section        0  sys_exit.o(.text)
    .text                                    0x0800067c   Section        2  use_no_semi.o(.text)
    .text                                    0x0800067e   Section        0  indicate_semi.o(.text)
    i.BusFault_Handler                       0x0800067e   Section        0  stm32h7xx_it.o(i.BusFault_Handler)
    i.DebugMon_Handler                       0x08000680   Section        0  stm32h7xx_it.o(i.DebugMon_Handler)
    i.Error_Handler                          0x08000682   Section        0  main.o(i.Error_Handler)
    i.ExitRun0Mode                           0x08000688   Section        0  system_stm32h7xx.o(i.ExitRun0Mode)
    i.FDCAN_CalcultateRamBlockAddresses      0x080006a4   Section        0  stm32h7xx_hal_fdcan.o(i.FDCAN_CalcultateRamBlockAddresses)
    FDCAN_CalcultateRamBlockAddresses        0x080006a5   Thumb Code   446  stm32h7xx_hal_fdcan.o(i.FDCAN_CalcultateRamBlockAddresses)
    i.HAL_FDCAN_Init                         0x0800086c   Section        0  stm32h7xx_hal_fdcan.o(i.HAL_FDCAN_Init)
    i.HAL_FDCAN_MspInit                      0x08000ab0   Section        0  fdcan.o(i.HAL_FDCAN_MspInit)
    i.HAL_GPIO_Init                          0x08000c1c   Section        0  stm32h7xx_hal_gpio.o(i.HAL_GPIO_Init)
    i.HAL_GetTick                            0x08000e38   Section        0  stm32h7xx_hal.o(i.HAL_GetTick)
    i.HAL_IncTick                            0x08000e44   Section        0  stm32h7xx_hal.o(i.HAL_IncTick)
    i.HAL_Init                               0x08000e54   Section        0  stm32h7xx_hal.o(i.HAL_Init)
    i.HAL_InitTick                           0x08000eb0   Section        0  stm32h7xx_hal_timebase_tim.o(i.HAL_InitTick)
    i.HAL_MPU_ConfigRegion                   0x08000f34   Section        0  stm32h7xx_hal_cortex.o(i.HAL_MPU_ConfigRegion)
    i.HAL_MPU_Disable                        0x08000f90   Section        0  stm32h7xx_hal_cortex.o(i.HAL_MPU_Disable)
    i.HAL_MPU_Enable                         0x08000fac   Section        0  stm32h7xx_hal_cortex.o(i.HAL_MPU_Enable)
    i.HAL_MspInit                            0x08000fd0   Section        0  stm32h7xx_hal_msp.o(i.HAL_MspInit)
    i.HAL_NVIC_EnableIRQ                     0x08000ff4   Section        0  stm32h7xx_hal_cortex.o(i.HAL_NVIC_EnableIRQ)
    i.HAL_NVIC_SetPriority                   0x08001010   Section        0  stm32h7xx_hal_cortex.o(i.HAL_NVIC_SetPriority)
    i.HAL_NVIC_SetPriorityGrouping           0x08001050   Section        0  stm32h7xx_hal_cortex.o(i.HAL_NVIC_SetPriorityGrouping)
    i.HAL_PWREx_ConfigSupply                 0x08001074   Section        0  stm32h7xx_hal_pwr_ex.o(i.HAL_PWREx_ConfigSupply)
    i.HAL_RCCEx_PeriphCLKConfig              0x080010c8   Section        0  stm32h7xx_hal_rcc_ex.o(i.HAL_RCCEx_PeriphCLKConfig)
    i.HAL_RCC_ClockConfig                    0x08001a04   Section        0  stm32h7xx_hal_rcc.o(i.HAL_RCC_ClockConfig)
    i.HAL_RCC_GetClockConfig                 0x08001c60   Section        0  stm32h7xx_hal_rcc.o(i.HAL_RCC_GetClockConfig)
    i.HAL_RCC_GetHCLKFreq                    0x08001cbc   Section        0  stm32h7xx_hal_rcc.o(i.HAL_RCC_GetHCLKFreq)
    i.HAL_RCC_GetPCLK2Freq                   0x08001d00   Section        0  stm32h7xx_hal_rcc.o(i.HAL_RCC_GetPCLK2Freq)
    i.HAL_RCC_GetSysClockFreq                0x08001d24   Section        0  stm32h7xx_hal_rcc.o(i.HAL_RCC_GetSysClockFreq)
    i.HAL_RCC_OscConfig                      0x08001e5c   Section        0  stm32h7xx_hal_rcc.o(i.HAL_RCC_OscConfig)
    i.HAL_TIMEx_Break2Callback               0x08002382   Section        0  stm32h7xx_hal_tim_ex.o(i.HAL_TIMEx_Break2Callback)
    i.HAL_TIMEx_BreakCallback                0x08002384   Section        0  stm32h7xx_hal_tim_ex.o(i.HAL_TIMEx_BreakCallback)
    i.HAL_TIMEx_CommutCallback               0x08002386   Section        0  stm32h7xx_hal_tim_ex.o(i.HAL_TIMEx_CommutCallback)
    i.HAL_TIM_Base_Init                      0x08002388   Section        0  stm32h7xx_hal_tim.o(i.HAL_TIM_Base_Init)
    i.HAL_TIM_Base_MspInit                   0x080023ea   Section        0  stm32h7xx_hal_tim.o(i.HAL_TIM_Base_MspInit)
    i.HAL_TIM_Base_Start_IT                  0x080023ec   Section        0  stm32h7xx_hal_tim.o(i.HAL_TIM_Base_Start_IT)
    i.HAL_TIM_IC_CaptureCallback             0x0800248c   Section        0  stm32h7xx_hal_tim.o(i.HAL_TIM_IC_CaptureCallback)
    i.HAL_TIM_IRQHandler                     0x0800248e   Section        0  stm32h7xx_hal_tim.o(i.HAL_TIM_IRQHandler)
    i.HAL_TIM_OC_DelayElapsedCallback        0x080025d6   Section        0  stm32h7xx_hal_tim.o(i.HAL_TIM_OC_DelayElapsedCallback)
    i.HAL_TIM_PWM_PulseFinishedCallback      0x080025d8   Section        0  stm32h7xx_hal_tim.o(i.HAL_TIM_PWM_PulseFinishedCallback)
    i.HAL_TIM_PeriodElapsedCallback          0x080025dc   Section        0  main.o(i.HAL_TIM_PeriodElapsedCallback)
    i.HAL_TIM_TriggerCallback                0x080025f0   Section        0  stm32h7xx_hal_tim.o(i.HAL_TIM_TriggerCallback)
    i.HardFault_Handler                      0x080025f2   Section        0  stm32h7xx_it.o(i.HardFault_Handler)
    i.MX_FDCAN1_Init                         0x080025f4   Section        0  fdcan.o(i.MX_FDCAN1_Init)
    i.MX_FDCAN2_Init                         0x0800265c   Section        0  fdcan.o(i.MX_FDCAN2_Init)
    i.MX_FDCAN3_Init                         0x080026c4   Section        0  fdcan.o(i.MX_FDCAN3_Init)
    i.MX_FREERTOS_Init                       0x0800272c   Section        0  freertos.o(i.MX_FREERTOS_Init)
    i.MX_GPIO_Init                           0x0800274c   Section        0  gpio.o(i.MX_GPIO_Init)
    i.MemManage_Handler                      0x08002798   Section        0  stm32h7xx_it.o(i.MemManage_Handler)
    i.NMI_Handler                            0x0800279a   Section        0  stm32h7xx_it.o(i.NMI_Handler)
    i.RCCEx_PLL2_Config                      0x0800279c   Section        0  stm32h7xx_hal_rcc_ex.o(i.RCCEx_PLL2_Config)
    RCCEx_PLL2_Config                        0x0800279d   Thumb Code   284  stm32h7xx_hal_rcc_ex.o(i.RCCEx_PLL2_Config)
    i.RCCEx_PLL3_Config                      0x080028bc   Section        0  stm32h7xx_hal_rcc_ex.o(i.RCCEx_PLL3_Config)
    RCCEx_PLL3_Config                        0x080028bd   Thumb Code   284  stm32h7xx_hal_rcc_ex.o(i.RCCEx_PLL3_Config)
    i.StartDefaultTask                       0x080029dc   Section        0  freertos.o(i.StartDefaultTask)
    i.SysTick_Handler                        0x080029e4   Section        0  cmsis_os2.o(i.SysTick_Handler)
    i.SystemClock_Config                     0x08002a00   Section        0  main.o(i.SystemClock_Config)
    i.SystemInit                             0x08002a98   Section        0  system_stm32h7xx.o(i.SystemInit)
    i.TIM8_UP_TIM13_IRQHandler               0x08002b70   Section        0  stm32h7xx_it.o(i.TIM8_UP_TIM13_IRQHandler)
    i.TIM_Base_SetConfig                     0x08002b7c   Section        0  stm32h7xx_hal_tim.o(i.TIM_Base_SetConfig)
    i.UsageFault_Handler                     0x08002c5c   Section        0  stm32h7xx_it.o(i.UsageFault_Handler)
    i.__NVIC_SetPriority                     0x08002c5e   Section        0  stm32h7xx_hal_cortex.o(i.__NVIC_SetPriority)
    __NVIC_SetPriority                       0x08002c5f   Thumb Code    34  stm32h7xx_hal_cortex.o(i.__NVIC_SetPriority)
    i.main                                   0x08002c80   Section        0  main.o(i.main)
    i.osDelay                                0x08002cf2   Section        0  cmsis_os2.o(i.osDelay)
    i.osKernelInitialize                     0x08002d10   Section        0  cmsis_os2.o(i.osKernelInitialize)
    i.osKernelStart                          0x08002d34   Section        0  cmsis_os2.o(i.osKernelStart)
    i.osThreadNew                            0x08002d6c   Section        0  cmsis_os2.o(i.osThreadNew)
    i.prvAddCurrentTaskToDelayedList         0x08002dfc   Section        0  tasks.o(i.prvAddCurrentTaskToDelayedList)
    prvAddCurrentTaskToDelayedList           0x08002dfd   Thumb Code    84  tasks.o(i.prvAddCurrentTaskToDelayedList)
    i.prvAddNewTaskToReadyList               0x08002e58   Section        0  tasks.o(i.prvAddNewTaskToReadyList)
    prvAddNewTaskToReadyList                 0x08002e59   Thumb Code   190  tasks.o(i.prvAddNewTaskToReadyList)
    i.prvCheckForValidListAndQueue           0x08002f28   Section        0  timers.o(i.prvCheckForValidListAndQueue)
    prvCheckForValidListAndQueue             0x08002f29   Thumb Code    72  timers.o(i.prvCheckForValidListAndQueue)
    i.prvCopyDataFromQueue                   0x08002f80   Section        0  queue.o(i.prvCopyDataFromQueue)
    prvCopyDataFromQueue                     0x08002f81   Thumb Code    38  queue.o(i.prvCopyDataFromQueue)
    i.prvCopyDataToQueue                     0x08002fa6   Section        0  queue.o(i.prvCopyDataToQueue)
    prvCopyDataToQueue                       0x08002fa7   Thumb Code   108  queue.o(i.prvCopyDataToQueue)
    i.prvDeleteTCB                           0x08003012   Section        0  tasks.o(i.prvDeleteTCB)
    prvDeleteTCB                             0x08003013   Thumb Code    52  tasks.o(i.prvDeleteTCB)
    i.prvHeapInit                            0x08003048   Section        0  heap_4.o(i.prvHeapInit)
    prvHeapInit                              0x08003049   Thumb Code    70  heap_4.o(i.prvHeapInit)
    i.prvIdleTask                            0x08003098   Section        0  tasks.o(i.prvIdleTask)
    prvIdleTask                              0x08003099   Thumb Code    82  tasks.o(i.prvIdleTask)
    i.prvInitialiseNewQueue                  0x080030f8   Section        0  queue.o(i.prvInitialiseNewQueue)
    prvInitialiseNewQueue                    0x080030f9   Thumb Code    34  queue.o(i.prvInitialiseNewQueue)
    i.prvInitialiseNewTask                   0x0800311a   Section        0  tasks.o(i.prvInitialiseNewTask)
    prvInitialiseNewTask                     0x0800311b   Thumb Code   176  tasks.o(i.prvInitialiseNewTask)
    i.prvInsertBlockIntoFreeList             0x080031cc   Section        0  heap_4.o(i.prvInsertBlockIntoFreeList)
    prvInsertBlockIntoFreeList               0x080031cd   Thumb Code    72  heap_4.o(i.prvInsertBlockIntoFreeList)
    i.prvInsertTimerInActiveList             0x08003218   Section        0  timers.o(i.prvInsertTimerInActiveList)
    prvInsertTimerInActiveList               0x08003219   Thumb Code    54  timers.o(i.prvInsertTimerInActiveList)
    i.prvIsQueueEmpty                        0x08003254   Section        0  queue.o(i.prvIsQueueEmpty)
    prvIsQueueEmpty                          0x08003255   Thumb Code    28  queue.o(i.prvIsQueueEmpty)
    i.prvProcessReceivedCommands             0x08003270   Section        0  timers.o(i.prvProcessReceivedCommands)
    prvProcessReceivedCommands               0x08003271   Thumb Code   242  timers.o(i.prvProcessReceivedCommands)
    i.prvProcessTimerOrBlockTask             0x08003368   Section        0  timers.o(i.prvProcessTimerOrBlockTask)
    prvProcessTimerOrBlockTask               0x08003369   Thumb Code   182  timers.o(i.prvProcessTimerOrBlockTask)
    i.prvResetNextTaskUnblockTime            0x08003428   Section        0  tasks.o(i.prvResetNextTaskUnblockTime)
    prvResetNextTaskUnblockTime              0x08003429   Thumb Code    26  tasks.o(i.prvResetNextTaskUnblockTime)
    i.prvSampleTimeNow                       0x08003448   Section        0  timers.o(i.prvSampleTimeNow)
    prvSampleTimeNow                         0x08003449   Thumb Code    36  timers.o(i.prvSampleTimeNow)
    i.prvSwitchTimerLists                    0x08003470   Section        0  timers.o(i.prvSwitchTimerLists)
    prvSwitchTimerLists                      0x08003471   Thumb Code   104  timers.o(i.prvSwitchTimerLists)
    i.prvTaskExitError                       0x080034dc   Section        0  port.o(i.prvTaskExitError)
    prvTaskExitError                         0x080034dd   Thumb Code    36  port.o(i.prvTaskExitError)
    i.prvTimerTask                           0x08003504   Section        0  timers.o(i.prvTimerTask)
    prvTimerTask                             0x08003505   Thumb Code    32  timers.o(i.prvTimerTask)
    i.prvUnlockQueue                         0x08003528   Section        0  queue.o(i.prvUnlockQueue)
    prvUnlockQueue                           0x08003529   Thumb Code   106  queue.o(i.prvUnlockQueue)
    i.pvPortMalloc                           0x08003594   Section        0  heap_4.o(i.pvPortMalloc)
    i.pxPortInitialiseStack                  0x08003670   Section        0  port.o(i.pxPortInitialiseStack)
    i.uxListRemove                           0x080036a0   Section        0  list.o(i.uxListRemove)
    i.vApplicationGetIdleTaskMemory          0x080036c8   Section        0  cmsis_os2.o(i.vApplicationGetIdleTaskMemory)
    i.vApplicationGetTimerTaskMemory         0x080036e0   Section        0  cmsis_os2.o(i.vApplicationGetTimerTaskMemory)
    i.vListInitialise                        0x080036f8   Section        0  list.o(i.vListInitialise)
    i.vListInitialiseItem                    0x0800370e   Section        0  list.o(i.vListInitialiseItem)
    i.vListInsert                            0x08003714   Section        0  list.o(i.vListInsert)
    i.vListInsertEnd                         0x08003744   Section        0  list.o(i.vListInsertEnd)
    i.vPortEnterCritical                     0x0800375c   Section        0  port.o(i.vPortEnterCritical)
    i.vPortExitCritical                      0x0800379c   Section        0  port.o(i.vPortExitCritical)
    i.vPortFree                              0x080037c4   Section        0  heap_4.o(i.vPortFree)
    i.vPortSetupTimerInterrupt               0x08003828   Section        0  port.o(i.vPortSetupTimerInterrupt)
    i.vPortValidateInterruptPriority         0x0800384c   Section        0  port.o(i.vPortValidateInterruptPriority)
    i.vQueueAddToRegistry                    0x080038a0   Section        0  queue.o(i.vQueueAddToRegistry)
    i.vQueueWaitForMessageRestricted         0x080038c8   Section        0  queue.o(i.vQueueWaitForMessageRestricted)
    i.vTaskDelay                             0x0800390c   Section        0  tasks.o(i.vTaskDelay)
    i.vTaskInternalSetTimeOutState           0x08003958   Section        0  tasks.o(i.vTaskInternalSetTimeOutState)
    i.vTaskMissedYield                       0x08003968   Section        0  tasks.o(i.vTaskMissedYield)
    i.vTaskPlaceOnEventList                  0x08003974   Section        0  tasks.o(i.vTaskPlaceOnEventList)
    i.vTaskPlaceOnEventListRestricted        0x080039a4   Section        0  tasks.o(i.vTaskPlaceOnEventListRestricted)
    i.vTaskStartScheduler                    0x080039dc   Section        0  tasks.o(i.vTaskStartScheduler)
    i.vTaskSuspendAll                        0x08003a64   Section        0  tasks.o(i.vTaskSuspendAll)
    i.vTaskSwitchContext                     0x08003a74   Section        0  tasks.o(i.vTaskSwitchContext)
    i.xPortStartScheduler                    0x08003ad8   Section        0  port.o(i.xPortStartScheduler)
    i.xPortSysTickHandler                    0x08003bcc   Section        0  port.o(i.xPortSysTickHandler)
    i.xQueueGenericCreateStatic              0x08003bf8   Section        0  queue.o(i.xQueueGenericCreateStatic)
    i.xQueueGenericReset                     0x08003c60   Section        0  queue.o(i.xQueueGenericReset)
    i.xQueueGenericSend                      0x08003cf4   Section        0  queue.o(i.xQueueGenericSend)
    i.xQueueGenericSendFromISR               0x08003e54   Section        0  queue.o(i.xQueueGenericSendFromISR)
    i.xQueueReceive                          0x08003f14   Section        0  queue.o(i.xQueueReceive)
    i.xTaskCheckForTimeOut                   0x08004050   Section        0  tasks.o(i.xTaskCheckForTimeOut)
    i.xTaskCreate                            0x080040c8   Section        0  tasks.o(i.xTaskCreate)
    i.xTaskCreateStatic                      0x08004122   Section        0  tasks.o(i.xTaskCreateStatic)
    i.xTaskGetSchedulerState                 0x08004178   Section        0  tasks.o(i.xTaskGetSchedulerState)
    i.xTaskGetTickCount                      0x08004194   Section        0  tasks.o(i.xTaskGetTickCount)
    i.xTaskIncrementTick                     0x080041a0   Section        0  tasks.o(i.xTaskIncrementTick)
    i.xTaskPriorityDisinherit                0x08004268   Section        0  tasks.o(i.xTaskPriorityDisinherit)
    i.xTaskRemoveFromEventList               0x080042e4   Section        0  tasks.o(i.xTaskRemoveFromEventList)
    i.xTaskResumeAll                         0x08004354   Section        0  tasks.o(i.xTaskResumeAll)
    i.xTimerCreateTimerTask                  0x08004418   Section        0  timers.o(i.xTimerCreateTimerTask)
    i.xTimerGenericCommand                   0x08004478   Section        0  timers.o(i.xTimerGenericCommand)
    x$fpl$fpinit                             0x080044e0   Section       10  fpinit.o(x$fpl$fpinit)
    $v0                                      0x080044e0   Number         0  fpinit.o(x$fpl$fpinit)
    .constdata                               0x080044ec   Section       36  freertos.o(.constdata)
    .constdata                               0x08004510   Section       92  stm32h7xx_hal_fdcan.o(.constdata)
    DLCtoBytes                               0x08004510   Data          16  stm32h7xx_hal_fdcan.o(.constdata)
    .constdata                               0x0800456c   Section       16  system_stm32h7xx.o(.constdata)
    .conststring                             0x0800457c   Section       12  freertos.o(.conststring)
    .data                                    0x24000000   Section        4  freertos.o(.data)
    .data                                    0x24000004   Section        4  fdcan.o(.data)
    HAL_RCC_FDCAN_CLK_ENABLED                0x24000004   Data           4  fdcan.o(.data)
    .data                                    0x24000008   Section       12  stm32h7xx_hal.o(.data)
    .data                                    0x24000014   Section        8  system_stm32h7xx.o(.data)
    .data                                    0x2400001c   Section       60  tasks.o(.data)
    uxDeletedTasksWaitingCleanUp             0x24000020   Data           4  tasks.o(.data)
    uxCurrentNumberOfTasks                   0x24000024   Data           4  tasks.o(.data)
    xTickCount                               0x24000028   Data           4  tasks.o(.data)
    uxTopReadyPriority                       0x2400002c   Data           4  tasks.o(.data)
    xSchedulerRunning                        0x24000030   Data           4  tasks.o(.data)
    xPendedTicks                             0x24000034   Data           4  tasks.o(.data)
    xYieldPending                            0x24000038   Data           4  tasks.o(.data)
    xNumOfOverflows                          0x2400003c   Data           4  tasks.o(.data)
    uxTaskNumber                             0x24000040   Data           4  tasks.o(.data)
    xNextTaskUnblockTime                     0x24000044   Data           4  tasks.o(.data)
    xIdleTaskHandle                          0x24000048   Data           4  tasks.o(.data)
    uxSchedulerSuspended                     0x2400004c   Data           4  tasks.o(.data)
    pxDelayedTaskList                        0x24000050   Data           4  tasks.o(.data)
    pxOverflowDelayedTaskList                0x24000054   Data           4  tasks.o(.data)
    .data                                    0x24000058   Section       20  timers.o(.data)
    xTimerQueue                              0x24000058   Data           4  timers.o(.data)
    xTimerTaskHandle                         0x2400005c   Data           4  timers.o(.data)
    xLastTime                                0x24000060   Data           4  timers.o(.data)
    pxCurrentTimerList                       0x24000064   Data           4  timers.o(.data)
    pxOverflowTimerList                      0x24000068   Data           4  timers.o(.data)
    .data                                    0x2400006c   Section        4  cmsis_os2.o(.data)
    KernelState                              0x2400006c   Data           4  cmsis_os2.o(.data)
    .data                                    0x24000070   Section       32  heap_4.o(.data)
    pxEnd                                    0x24000070   Data           4  heap_4.o(.data)
    xFreeBytesRemaining                      0x24000074   Data           4  heap_4.o(.data)
    xMinimumEverFreeBytesRemaining           0x24000078   Data           4  heap_4.o(.data)
    xNumberOfSuccessfulAllocations           0x2400007c   Data           4  heap_4.o(.data)
    xNumberOfSuccessfulFrees                 0x24000080   Data           4  heap_4.o(.data)
    xBlockAllocatedBit                       0x24000084   Data           4  heap_4.o(.data)
    xStart                                   0x24000088   Data           8  heap_4.o(.data)
    .data                                    0x24000090   Section       12  port.o(.data)
    ucMaxSysCallPriority                     0x24000090   Data           1  port.o(.data)
    uxCriticalNesting                        0x24000094   Data           4  port.o(.data)
    ulMaxPRIGROUPValue                       0x24000098   Data           4  port.o(.data)
    .bss                                     0x2400009c   Section      480  fdcan.o(.bss)
    .bss                                     0x2400027c   Section       76  stm32h7xx_hal_timebase_tim.o(.bss)
    .bss                                     0x240002c8   Section       64  queue.o(.bss)
    .bss                                     0x24000308   Section     1220  tasks.o(.bss)
    pxReadyTasksLists                        0x24000308   Data        1120  tasks.o(.bss)
    xDelayedTaskList1                        0x24000768   Data          20  tasks.o(.bss)
    xDelayedTaskList2                        0x2400077c   Data          20  tasks.o(.bss)
    xPendingReadyList                        0x24000790   Data          20  tasks.o(.bss)
    xTasksWaitingTermination                 0x240007a4   Data          20  tasks.o(.bss)
    xSuspendedTaskList                       0x240007b8   Data          20  tasks.o(.bss)
    .bss                                     0x240007cc   Section      280  timers.o(.bss)
    xStaticTimerQueue                        0x240007cc   Data          80  timers.o(.bss)
    ucStaticTimerQueueStorage                0x2400081c   Data         160  timers.o(.bss)
    xActiveTimerList1                        0x240008bc   Data          20  timers.o(.bss)
    xActiveTimerList2                        0x240008d0   Data          20  timers.o(.bss)
    .bss                                     0x240008e4   Section     1720  cmsis_os2.o(.bss)
    Idle_TCB                                 0x240008e4   Data          92  cmsis_os2.o(.bss)
    Idle_Stack                               0x24000940   Data         512  cmsis_os2.o(.bss)
    Timer_TCB                                0x24000b40   Data          92  cmsis_os2.o(.bss)
    Timer_Stack                              0x24000b9c   Data        1024  cmsis_os2.o(.bss)
    .bss                                     0x24000f9c   Section    15360  heap_4.o(.bss)
    ucHeap                                   0x24000f9c   Data       15360  heap_4.o(.bss)
    .bss                                     0x24004b9c   Section       96  libspace.o(.bss)
    HEAP                                     0x24004c00   Section      512  startup_stm32h723xx.o(HEAP)
    Heap_Mem                                 0x24004c00   Data         512  startup_stm32h723xx.o(HEAP)
    STACK                                    0x24004e00   Section     1024  startup_stm32h723xx.o(STACK)
    Stack_Mem                                0x24004e00   Data        1024  startup_stm32h723xx.o(STACK)
    __initial_sp                             0x24005200   Data           0  startup_stm32h723xx.o(STACK)

    Global Symbols

    Symbol Name                              Value     Ov Type        Size  Object(Section)

    BuildAttributes$$THM_ISAv4$E$P$D$K$B$S$7EM$VFPv5_D16$PE$PLD8$A:L22UL41UL21$X:L11$S22US41US21$IEEE1$IW$USESV6$~STKCKD$USESV7$~SHL$OSPACE$ROPI$EBA8$UX$STANDARDLIB$REQ8$PRES8$EABIv2 0x00000000   Number         0  anon$$obj.o ABSOLUTE
    __ARM_use_no_argv                        0x00000000   Number         0  main.o ABSOLUTE
    typeinfo for CAN_Driver                   - Undefined Weak Reference
    __ARM_exceptions_init                     - Undefined Weak Reference
    __alloca_initialize                       - Undefined Weak Reference
    __arm_preinit_                            - Undefined Weak Reference
    __cpp_initialize__aeabi_                  - Undefined Weak Reference
    __cxa_finalize                            - Undefined Weak Reference
    __rt_locale                               - Undefined Weak Reference
    __sigvec_lookup                           - Undefined Weak Reference
    _atexit_init                              - Undefined Weak Reference
    _call_atexit_fns                          - Undefined Weak Reference
    _clock_init                               - Undefined Weak Reference
    _fp_trap_init                             - Undefined Weak Reference
    _fp_trap_shutdown                         - Undefined Weak Reference
    _get_lc_collate                           - Undefined Weak Reference
    _get_lc_ctype                             - Undefined Weak Reference
    _get_lc_monetary                          - Undefined Weak Reference
    _get_lc_numeric                           - Undefined Weak Reference
    _get_lc_time                              - Undefined Weak Reference
    _getenv_init                              - Undefined Weak Reference
    _handle_redirection                       - Undefined Weak Reference
    _init_alloc                               - Undefined Weak Reference
    _init_user_alloc                          - Undefined Weak Reference
    _initio                                   - Undefined Weak Reference
    _rand_init                                - Undefined Weak Reference
    _signal_finish                            - Undefined Weak Reference
    _signal_init                              - Undefined Weak Reference
    _terminate_alloc                          - Undefined Weak Reference
    _terminate_user_alloc                     - Undefined Weak Reference
    _terminateio                              - Undefined Weak Reference
    __Vectors_Size                           0x000002cc   Number         0  startup_stm32h723xx.o ABSOLUTE
    __Vectors                                0x08000000   Data           4  startup_stm32h723xx.o(RESET)
    __Vectors_End                            0x080002cc   Data           0  startup_stm32h723xx.o(RESET)
    __main                                   0x080002cd   Thumb Code     8  __main.o(!!!main)
    __scatterload                            0x080002d5   Thumb Code     0  __scatter.o(!!!scatter)
    __scatterload_rt2                        0x080002d5   Thumb Code    44  __scatter.o(!!!scatter)
    __scatterload_rt2_thumb_only             0x080002d5   Thumb Code     0  __scatter.o(!!!scatter)
    __scatterload_null                       0x080002e3   Thumb Code     0  __scatter.o(!!!scatter)
    __scatterload_copy                       0x08000309   Thumb Code    26  __scatter_copy.o(!!handler_copy)
    __scatterload_zeroinit                   0x08000325   Thumb Code    28  __scatter_zi.o(!!handler_zi)
    __rt_lib_init                            0x08000341   Thumb Code     0  libinit.o(.ARM.Collect$$libinit$$00000000)
    __rt_lib_init_fp_1                       0x08000343   Thumb Code     0  libinit2.o(.ARM.Collect$$libinit$$00000001)
    __rt_lib_init_alloca_1                   0x08000347   Thumb Code     0  libinit2.o(.ARM.Collect$$libinit$$0000002E)
    __rt_lib_init_argv_1                     0x08000347   Thumb Code     0  libinit2.o(.ARM.Collect$$libinit$$0000002C)
    __rt_lib_init_atexit_1                   0x08000347   Thumb Code     0  libinit2.o(.ARM.Collect$$libinit$$0000001B)
    __rt_lib_init_clock_1                    0x08000347   Thumb Code     0  libinit2.o(.ARM.Collect$$libinit$$00000021)
    __rt_lib_init_cpp_1                      0x08000347   Thumb Code     0  libinit2.o(.ARM.Collect$$libinit$$00000032)
    __rt_lib_init_exceptions_1               0x08000347   Thumb Code     0  libinit2.o(.ARM.Collect$$libinit$$00000030)
    __rt_lib_init_fp_trap_1                  0x08000347   Thumb Code     0  libinit2.o(.ARM.Collect$$libinit$$0000001F)
    __rt_lib_init_getenv_1                   0x08000347   Thumb Code     0  libinit2.o(.ARM.Collect$$libinit$$00000023)
    __rt_lib_init_heap_1                     0x08000347   Thumb Code     0  libinit2.o(.ARM.Collect$$libinit$$0000000A)
    __rt_lib_init_lc_collate_1               0x08000347   Thumb Code     0  libinit2.o(.ARM.Collect$$libinit$$00000011)
    __rt_lib_init_lc_ctype_1                 0x08000347   Thumb Code     0  libinit2.o(.ARM.Collect$$libinit$$00000013)
    __rt_lib_init_lc_monetary_1              0x08000347   Thumb Code     0  libinit2.o(.ARM.Collect$$libinit$$00000015)
    __rt_lib_init_lc_numeric_1               0x08000347   Thumb Code     0  libinit2.o(.ARM.Collect$$libinit$$00000017)
    __rt_lib_init_lc_time_1                  0x08000347   Thumb Code     0  libinit2.o(.ARM.Collect$$libinit$$00000019)
    __rt_lib_init_preinit_1                  0x08000347   Thumb Code     0  libinit2.o(.ARM.Collect$$libinit$$00000004)
    __rt_lib_init_rand_1                     0x08000347   Thumb Code     0  libinit2.o(.ARM.Collect$$libinit$$0000000E)
    __rt_lib_init_return                     0x08000347   Thumb Code     0  libinit2.o(.ARM.Collect$$libinit$$00000033)
    __rt_lib_init_signal_1                   0x08000347   Thumb Code     0  libinit2.o(.ARM.Collect$$libinit$$0000001D)
    __rt_lib_init_stdio_1                    0x08000347   Thumb Code     0  libinit2.o(.ARM.Collect$$libinit$$00000025)
    __rt_lib_init_user_alloc_1               0x08000347   Thumb Code     0  libinit2.o(.ARM.Collect$$libinit$$0000000C)
    __rt_lib_shutdown                        0x08000349   Thumb Code     0  libshutdown.o(.ARM.Collect$$libshutdown$$00000000)
    __rt_lib_shutdown_cpp_1                  0x0800034b   Thumb Code     0  libshutdown2.o(.ARM.Collect$$libshutdown$$00000002)
    __rt_lib_shutdown_fp_trap_1              0x0800034b   Thumb Code     0  libshutdown2.o(.ARM.Collect$$libshutdown$$00000007)
    __rt_lib_shutdown_heap_1                 0x0800034b   Thumb Code     0  libshutdown2.o(.ARM.Collect$$libshutdown$$0000000F)
    __rt_lib_shutdown_return                 0x0800034b   Thumb Code     0  libshutdown2.o(.ARM.Collect$$libshutdown$$00000010)
    __rt_lib_shutdown_signal_1               0x0800034b   Thumb Code     0  libshutdown2.o(.ARM.Collect$$libshutdown$$0000000A)
    __rt_lib_shutdown_stdio_1                0x0800034b   Thumb Code     0  libshutdown2.o(.ARM.Collect$$libshutdown$$00000004)
    __rt_lib_shutdown_user_alloc_1           0x0800034b   Thumb Code     0  libshutdown2.o(.ARM.Collect$$libshutdown$$0000000C)
    __rt_entry                               0x0800034d   Thumb Code     0  __rtentry.o(.ARM.Collect$$rtentry$$00000000)
    __rt_entry_presh_1                       0x0800034d   Thumb Code     0  __rtentry2.o(.ARM.Collect$$rtentry$$00000002)
    __rt_entry_sh                            0x0800034d   Thumb Code     0  __rtentry4.o(.ARM.Collect$$rtentry$$00000004)
    __rt_entry_li                            0x08000353   Thumb Code     0  __rtentry2.o(.ARM.Collect$$rtentry$$0000000A)
    __rt_entry_postsh_1                      0x08000353   Thumb Code     0  __rtentry2.o(.ARM.Collect$$rtentry$$00000009)
    __rt_entry_main                          0x08000357   Thumb Code     0  __rtentry2.o(.ARM.Collect$$rtentry$$0000000D)
    __rt_entry_postli_1                      0x08000357   Thumb Code     0  __rtentry2.o(.ARM.Collect$$rtentry$$0000000C)
    __rt_exit                                0x0800035f   Thumb Code     0  rtexit.o(.ARM.Collect$$rtexit$$00000000)
    __rt_exit_ls                             0x08000361   Thumb Code     0  rtexit2.o(.ARM.Collect$$rtexit$$00000003)
    __rt_exit_prels_1                        0x08000361   Thumb Code     0  rtexit2.o(.ARM.Collect$$rtexit$$00000002)
    __rt_exit_exit                           0x08000365   Thumb Code     0  rtexit2.o(.ARM.Collect$$rtexit$$00000004)
    SVC_Handler                              0x0800036d   Thumb Code    28  port.o(.emb_text)
    __asm___6_port_c_39a90d8d__prvStartFirstTask 0x0800038d   Thumb Code    36  port.o(.emb_text)
    __asm___6_port_c_39a90d8d__prvEnableVFP  0x080003b5   Thumb Code    16  port.o(.emb_text)
    PendSV_Handler                           0x080003c9   Thumb Code    88  port.o(.emb_text)
    vPortGetIPSR                             0x08000425   Thumb Code     6  port.o(.emb_text)
    Reset_Handler                            0x0800042d   Thumb Code    12  startup_stm32h723xx.o(.text)
    ADC3_IRQHandler                          0x0800044b   Thumb Code     0  startup_stm32h723xx.o(.text)
    ADC_IRQHandler                           0x0800044b   Thumb Code     0  startup_stm32h723xx.o(.text)
    BDMA_Channel0_IRQHandler                 0x0800044b   Thumb Code     0  startup_stm32h723xx.o(.text)
    BDMA_Channel1_IRQHandler                 0x0800044b   Thumb Code     0  startup_stm32h723xx.o(.text)
    BDMA_Channel2_IRQHandler                 0x0800044b   Thumb Code     0  startup_stm32h723xx.o(.text)
    BDMA_Channel3_IRQHandler                 0x0800044b   Thumb Code     0  startup_stm32h723xx.o(.text)
    BDMA_Channel4_IRQHandler                 0x0800044b   Thumb Code     0  startup_stm32h723xx.o(.text)
    BDMA_Channel5_IRQHandler                 0x0800044b   Thumb Code     0  startup_stm32h723xx.o(.text)
    BDMA_Channel6_IRQHandler                 0x0800044b   Thumb Code     0  startup_stm32h723xx.o(.text)
    BDMA_Channel7_IRQHandler                 0x0800044b   Thumb Code     0  startup_stm32h723xx.o(.text)
    CEC_IRQHandler                           0x0800044b   Thumb Code     0  startup_stm32h723xx.o(.text)
    COMP1_IRQHandler                         0x0800044b   Thumb Code     0  startup_stm32h723xx.o(.text)
    CORDIC_IRQHandler                        0x0800044b   Thumb Code     0  startup_stm32h723xx.o(.text)
    CRS_IRQHandler                           0x0800044b   Thumb Code     0  startup_stm32h723xx.o(.text)
    DCMI_PSSI_IRQHandler                     0x0800044b   Thumb Code     0  startup_stm32h723xx.o(.text)
    DFSDM1_FLT0_IRQHandler                   0x0800044b   Thumb Code     0  startup_stm32h723xx.o(.text)
    DFSDM1_FLT1_IRQHandler                   0x0800044b   Thumb Code     0  startup_stm32h723xx.o(.text)
    DFSDM1_FLT2_IRQHandler                   0x0800044b   Thumb Code     0  startup_stm32h723xx.o(.text)
    DFSDM1_FLT3_IRQHandler                   0x0800044b   Thumb Code     0  startup_stm32h723xx.o(.text)
    DMA1_Stream0_IRQHandler                  0x0800044b   Thumb Code     0  startup_stm32h723xx.o(.text)
    DMA1_Stream1_IRQHandler                  0x0800044b   Thumb Code     0  startup_stm32h723xx.o(.text)
    DMA1_Stream2_IRQHandler                  0x0800044b   Thumb Code     0  startup_stm32h723xx.o(.text)
    DMA1_Stream3_IRQHandler                  0x0800044b   Thumb Code     0  startup_stm32h723xx.o(.text)
    DMA1_Stream4_IRQHandler                  0x0800044b   Thumb Code     0  startup_stm32h723xx.o(.text)
    DMA1_Stream5_IRQHandler                  0x0800044b   Thumb Code     0  startup_stm32h723xx.o(.text)
    DMA1_Stream6_IRQHandler                  0x0800044b   Thumb Code     0  startup_stm32h723xx.o(.text)
    DMA1_Stream7_IRQHandler                  0x0800044b   Thumb Code     0  startup_stm32h723xx.o(.text)
    DMA2D_IRQHandler                         0x0800044b   Thumb Code     0  startup_stm32h723xx.o(.text)
    DMA2_Stream0_IRQHandler                  0x0800044b   Thumb Code     0  startup_stm32h723xx.o(.text)
    DMA2_Stream1_IRQHandler                  0x0800044b   Thumb Code     0  startup_stm32h723xx.o(.text)
    DMA2_Stream2_IRQHandler                  0x0800044b   Thumb Code     0  startup_stm32h723xx.o(.text)
    DMA2_Stream3_IRQHandler                  0x0800044b   Thumb Code     0  startup_stm32h723xx.o(.text)
    DMA2_Stream4_IRQHandler                  0x0800044b   Thumb Code     0  startup_stm32h723xx.o(.text)
    DMA2_Stream5_IRQHandler                  0x0800044b   Thumb Code     0  startup_stm32h723xx.o(.text)
    DMA2_Stream6_IRQHandler                  0x0800044b   Thumb Code     0  startup_stm32h723xx.o(.text)
    DMA2_Stream7_IRQHandler                  0x0800044b   Thumb Code     0  startup_stm32h723xx.o(.text)
    DMAMUX1_OVR_IRQHandler                   0x0800044b   Thumb Code     0  startup_stm32h723xx.o(.text)
    DMAMUX2_OVR_IRQHandler                   0x0800044b   Thumb Code     0  startup_stm32h723xx.o(.text)
    DTS_IRQHandler                           0x0800044b   Thumb Code     0  startup_stm32h723xx.o(.text)
    ECC_IRQHandler                           0x0800044b   Thumb Code     0  startup_stm32h723xx.o(.text)
    ETH_IRQHandler                           0x0800044b   Thumb Code     0  startup_stm32h723xx.o(.text)
    ETH_WKUP_IRQHandler                      0x0800044b   Thumb Code     0  startup_stm32h723xx.o(.text)
    EXTI0_IRQHandler                         0x0800044b   Thumb Code     0  startup_stm32h723xx.o(.text)
    EXTI15_10_IRQHandler                     0x0800044b   Thumb Code     0  startup_stm32h723xx.o(.text)
    EXTI1_IRQHandler                         0x0800044b   Thumb Code     0  startup_stm32h723xx.o(.text)
    EXTI2_IRQHandler                         0x0800044b   Thumb Code     0  startup_stm32h723xx.o(.text)
    EXTI3_IRQHandler                         0x0800044b   Thumb Code     0  startup_stm32h723xx.o(.text)
    EXTI4_IRQHandler                         0x0800044b   Thumb Code     0  startup_stm32h723xx.o(.text)
    EXTI9_5_IRQHandler                       0x0800044b   Thumb Code     0  startup_stm32h723xx.o(.text)
    FDCAN1_IT0_IRQHandler                    0x0800044b   Thumb Code     0  startup_stm32h723xx.o(.text)
    FDCAN1_IT1_IRQHandler                    0x0800044b   Thumb Code     0  startup_stm32h723xx.o(.text)
    FDCAN2_IT0_IRQHandler                    0x0800044b   Thumb Code     0  startup_stm32h723xx.o(.text)
    FDCAN2_IT1_IRQHandler                    0x0800044b   Thumb Code     0  startup_stm32h723xx.o(.text)
    FDCAN3_IT0_IRQHandler                    0x0800044b   Thumb Code     0  startup_stm32h723xx.o(.text)
    FDCAN3_IT1_IRQHandler                    0x0800044b   Thumb Code     0  startup_stm32h723xx.o(.text)
    FDCAN_CAL_IRQHandler                     0x0800044b   Thumb Code     0  startup_stm32h723xx.o(.text)
    FLASH_IRQHandler                         0x0800044b   Thumb Code     0  startup_stm32h723xx.o(.text)
    FMAC_IRQHandler                          0x0800044b   Thumb Code     0  startup_stm32h723xx.o(.text)
    FMC_IRQHandler                           0x0800044b   Thumb Code     0  startup_stm32h723xx.o(.text)
    FPU_IRQHandler                           0x0800044b   Thumb Code     0  startup_stm32h723xx.o(.text)
    HSEM1_IRQHandler                         0x0800044b   Thumb Code     0  startup_stm32h723xx.o(.text)
    I2C1_ER_IRQHandler                       0x0800044b   Thumb Code     0  startup_stm32h723xx.o(.text)
    I2C1_EV_IRQHandler                       0x0800044b   Thumb Code     0  startup_stm32h723xx.o(.text)
    I2C2_ER_IRQHandler                       0x0800044b   Thumb Code     0  startup_stm32h723xx.o(.text)
    I2C2_EV_IRQHandler                       0x0800044b   Thumb Code     0  startup_stm32h723xx.o(.text)
    I2C3_ER_IRQHandler                       0x0800044b   Thumb Code     0  startup_stm32h723xx.o(.text)
    I2C3_EV_IRQHandler                       0x0800044b   Thumb Code     0  startup_stm32h723xx.o(.text)
    I2C4_ER_IRQHandler                       0x0800044b   Thumb Code     0  startup_stm32h723xx.o(.text)
    I2C4_EV_IRQHandler                       0x0800044b   Thumb Code     0  startup_stm32h723xx.o(.text)
    I2C5_ER_IRQHandler                       0x0800044b   Thumb Code     0  startup_stm32h723xx.o(.text)
    I2C5_EV_IRQHandler                       0x0800044b   Thumb Code     0  startup_stm32h723xx.o(.text)
    LPTIM1_IRQHandler                        0x0800044b   Thumb Code     0  startup_stm32h723xx.o(.text)
    LPTIM2_IRQHandler                        0x0800044b   Thumb Code     0  startup_stm32h723xx.o(.text)
    LPTIM3_IRQHandler                        0x0800044b   Thumb Code     0  startup_stm32h723xx.o(.text)
    LPTIM4_IRQHandler                        0x0800044b   Thumb Code     0  startup_stm32h723xx.o(.text)
    LPTIM5_IRQHandler                        0x0800044b   Thumb Code     0  startup_stm32h723xx.o(.text)
    LPUART1_IRQHandler                       0x0800044b   Thumb Code     0  startup_stm32h723xx.o(.text)
    LTDC_ER_IRQHandler                       0x0800044b   Thumb Code     0  startup_stm32h723xx.o(.text)
    LTDC_IRQHandler                          0x0800044b   Thumb Code     0  startup_stm32h723xx.o(.text)
    MDIOS_IRQHandler                         0x0800044b   Thumb Code     0  startup_stm32h723xx.o(.text)
    MDIOS_WKUP_IRQHandler                    0x0800044b   Thumb Code     0  startup_stm32h723xx.o(.text)
    MDMA_IRQHandler                          0x0800044b   Thumb Code     0  startup_stm32h723xx.o(.text)
    OCTOSPI1_IRQHandler                      0x0800044b   Thumb Code     0  startup_stm32h723xx.o(.text)
    OCTOSPI2_IRQHandler                      0x0800044b   Thumb Code     0  startup_stm32h723xx.o(.text)
    OTG_HS_EP1_IN_IRQHandler                 0x0800044b   Thumb Code     0  startup_stm32h723xx.o(.text)
    OTG_HS_EP1_OUT_IRQHandler                0x0800044b   Thumb Code     0  startup_stm32h723xx.o(.text)
    OTG_HS_IRQHandler                        0x0800044b   Thumb Code     0  startup_stm32h723xx.o(.text)
    OTG_HS_WKUP_IRQHandler                   0x0800044b   Thumb Code     0  startup_stm32h723xx.o(.text)
    PVD_AVD_IRQHandler                       0x0800044b   Thumb Code     0  startup_stm32h723xx.o(.text)
    RCC_IRQHandler                           0x0800044b   Thumb Code     0  startup_stm32h723xx.o(.text)
    RNG_IRQHandler                           0x0800044b   Thumb Code     0  startup_stm32h723xx.o(.text)
    RTC_Alarm_IRQHandler                     0x0800044b   Thumb Code     0  startup_stm32h723xx.o(.text)
    RTC_WKUP_IRQHandler                      0x0800044b   Thumb Code     0  startup_stm32h723xx.o(.text)
    SAI1_IRQHandler                          0x0800044b   Thumb Code     0  startup_stm32h723xx.o(.text)
    SAI4_IRQHandler                          0x0800044b   Thumb Code     0  startup_stm32h723xx.o(.text)
    SDMMC1_IRQHandler                        0x0800044b   Thumb Code     0  startup_stm32h723xx.o(.text)
    SDMMC2_IRQHandler                        0x0800044b   Thumb Code     0  startup_stm32h723xx.o(.text)
    SPDIF_RX_IRQHandler                      0x0800044b   Thumb Code     0  startup_stm32h723xx.o(.text)
    SPI1_IRQHandler                          0x0800044b   Thumb Code     0  startup_stm32h723xx.o(.text)
    SPI2_IRQHandler                          0x0800044b   Thumb Code     0  startup_stm32h723xx.o(.text)
    SPI3_IRQHandler                          0x0800044b   Thumb Code     0  startup_stm32h723xx.o(.text)
    SPI4_IRQHandler                          0x0800044b   Thumb Code     0  startup_stm32h723xx.o(.text)
    SPI5_IRQHandler                          0x0800044b   Thumb Code     0  startup_stm32h723xx.o(.text)
    SPI6_IRQHandler                          0x0800044b   Thumb Code     0  startup_stm32h723xx.o(.text)
    SWPMI1_IRQHandler                        0x0800044b   Thumb Code     0  startup_stm32h723xx.o(.text)
    TAMP_STAMP_IRQHandler                    0x0800044b   Thumb Code     0  startup_stm32h723xx.o(.text)
    TIM15_IRQHandler                         0x0800044b   Thumb Code     0  startup_stm32h723xx.o(.text)
    TIM16_IRQHandler                         0x0800044b   Thumb Code     0  startup_stm32h723xx.o(.text)
    TIM17_IRQHandler                         0x0800044b   Thumb Code     0  startup_stm32h723xx.o(.text)
    TIM1_BRK_IRQHandler                      0x0800044b   Thumb Code     0  startup_stm32h723xx.o(.text)
    TIM1_CC_IRQHandler                       0x0800044b   Thumb Code     0  startup_stm32h723xx.o(.text)
    TIM1_TRG_COM_IRQHandler                  0x0800044b   Thumb Code     0  startup_stm32h723xx.o(.text)
    TIM1_UP_IRQHandler                       0x0800044b   Thumb Code     0  startup_stm32h723xx.o(.text)
    TIM23_IRQHandler                         0x0800044b   Thumb Code     0  startup_stm32h723xx.o(.text)
    TIM24_IRQHandler                         0x0800044b   Thumb Code     0  startup_stm32h723xx.o(.text)
    TIM2_IRQHandler                          0x0800044b   Thumb Code     0  startup_stm32h723xx.o(.text)
    TIM3_IRQHandler                          0x0800044b   Thumb Code     0  startup_stm32h723xx.o(.text)
    TIM4_IRQHandler                          0x0800044b   Thumb Code     0  startup_stm32h723xx.o(.text)
    TIM5_IRQHandler                          0x0800044b   Thumb Code     0  startup_stm32h723xx.o(.text)
    TIM6_DAC_IRQHandler                      0x0800044b   Thumb Code     0  startup_stm32h723xx.o(.text)
    TIM7_IRQHandler                          0x0800044b   Thumb Code     0  startup_stm32h723xx.o(.text)
    TIM8_BRK_TIM12_IRQHandler                0x0800044b   Thumb Code     0  startup_stm32h723xx.o(.text)
    TIM8_CC_IRQHandler                       0x0800044b   Thumb Code     0  startup_stm32h723xx.o(.text)
    TIM8_TRG_COM_TIM14_IRQHandler            0x0800044b   Thumb Code     0  startup_stm32h723xx.o(.text)
    UART4_IRQHandler                         0x0800044b   Thumb Code     0  startup_stm32h723xx.o(.text)
    UART5_IRQHandler                         0x0800044b   Thumb Code     0  startup_stm32h723xx.o(.text)
    UART7_IRQHandler                         0x0800044b   Thumb Code     0  startup_stm32h723xx.o(.text)
    UART8_IRQHandler                         0x0800044b   Thumb Code     0  startup_stm32h723xx.o(.text)
    UART9_IRQHandler                         0x0800044b   Thumb Code     0  startup_stm32h723xx.o(.text)
    USART10_IRQHandler                       0x0800044b   Thumb Code     0  startup_stm32h723xx.o(.text)
    USART1_IRQHandler                        0x0800044b   Thumb Code     0  startup_stm32h723xx.o(.text)
    USART2_IRQHandler                        0x0800044b   Thumb Code     0  startup_stm32h723xx.o(.text)
    USART3_IRQHandler                        0x0800044b   Thumb Code     0  startup_stm32h723xx.o(.text)
    USART6_IRQHandler                        0x0800044b   Thumb Code     0  startup_stm32h723xx.o(.text)
    WAKEUP_PIN_IRQHandler                    0x0800044b   Thumb Code     0  startup_stm32h723xx.o(.text)
    WWDG_IRQHandler                          0x0800044b   Thumb Code     0  startup_stm32h723xx.o(.text)
    __user_initial_stackheap                 0x0800044d   Thumb Code     0  startup_stm32h723xx.o(.text)
    __aeabi_memcpy                           0x08000475   Thumb Code     0  rt_memcpy_v6.o(.text)
    __rt_memcpy                              0x08000475   Thumb Code   138  rt_memcpy_v6.o(.text)
    _memcpy_lastbytes                        0x080004db   Thumb Code     0  rt_memcpy_v6.o(.text)
    __aeabi_memcpy4                          0x080004ff   Thumb Code     0  rt_memcpy_w.o(.text)
    __aeabi_memcpy8                          0x080004ff   Thumb Code     0  rt_memcpy_w.o(.text)
    __rt_memcpy_w                            0x080004ff   Thumb Code   100  rt_memcpy_w.o(.text)
    _memcpy_lastbytes_aligned                0x08000547   Thumb Code     0  rt_memcpy_w.o(.text)
    __aeabi_memset                           0x08000563   Thumb Code    16  aeabi_memset.o(.text)
    __aeabi_memclr4                          0x08000573   Thumb Code     0  rt_memclr_w.o(.text)
    __aeabi_memclr8                          0x08000573   Thumb Code     0  rt_memclr_w.o(.text)
    __rt_memclr_w                            0x08000573   Thumb Code    78  rt_memclr_w.o(.text)
    _memset_w                                0x08000577   Thumb Code     0  rt_memclr_w.o(.text)
    __use_two_region_memory                  0x080005c1   Thumb Code     2  heapauxi.o(.text)
    __rt_heap_escrow$2region                 0x080005c3   Thumb Code     2  heapauxi.o(.text)
    __rt_heap_expand$2region                 0x080005c5   Thumb Code     2  heapauxi.o(.text)
    __aeabi_memclr                           0x080005c7   Thumb Code     0  rt_memclr.o(.text)
    __rt_memclr                              0x080005c7   Thumb Code    68  rt_memclr.o(.text)
    _memset                                  0x080005cb   Thumb Code     0  rt_memclr.o(.text)
    __user_setup_stackheap                   0x0800060b   Thumb Code    74  sys_stackheap_outer.o(.text)
    exit                                     0x08000655   Thumb Code    18  exit.o(.text)
    __user_libspace                          0x08000669   Thumb Code     8  libspace.o(.text)
    __user_perproc_libspace                  0x08000669   Thumb Code     0  libspace.o(.text)
    __user_perthread_libspace                0x08000669   Thumb Code     0  libspace.o(.text)
    _sys_exit                                0x08000671   Thumb Code     8  sys_exit.o(.text)
    __I$use$semihosting                      0x0800067d   Thumb Code     0  use_no_semi.o(.text)
    __use_no_semihosting_swi                 0x0800067d   Thumb Code     2  use_no_semi.o(.text)
    BusFault_Handler                         0x0800067f   Thumb Code     2  stm32h7xx_it.o(i.BusFault_Handler)
    __semihosting_library_function           0x0800067f   Thumb Code     0  indicate_semi.o(.text)
    DebugMon_Handler                         0x08000681   Thumb Code     2  stm32h7xx_it.o(i.DebugMon_Handler)
    Error_Handler                            0x08000683   Thumb Code     4  main.o(i.Error_Handler)
    ExitRun0Mode                             0x08000689   Thumb Code    22  system_stm32h7xx.o(i.ExitRun0Mode)
    HAL_FDCAN_Init                           0x0800086d   Thumb Code   572  stm32h7xx_hal_fdcan.o(i.HAL_FDCAN_Init)
    HAL_FDCAN_MspInit                        0x08000ab1   Thumb Code   330  fdcan.o(i.HAL_FDCAN_MspInit)
    HAL_GPIO_Init                            0x08000c1d   Thumb Code   496  stm32h7xx_hal_gpio.o(i.HAL_GPIO_Init)
    HAL_GetTick                              0x08000e39   Thumb Code     6  stm32h7xx_hal.o(i.HAL_GetTick)
    HAL_IncTick                              0x08000e45   Thumb Code    12  stm32h7xx_hal.o(i.HAL_IncTick)
    HAL_Init                                 0x08000e55   Thumb Code    74  stm32h7xx_hal.o(i.HAL_Init)
    HAL_InitTick                             0x08000eb1   Thumb Code   110  stm32h7xx_hal_timebase_tim.o(i.HAL_InitTick)
    HAL_MPU_ConfigRegion                     0x08000f35   Thumb Code    86  stm32h7xx_hal_cortex.o(i.HAL_MPU_ConfigRegion)
    HAL_MPU_Disable                          0x08000f91   Thumb Code    24  stm32h7xx_hal_cortex.o(i.HAL_MPU_Disable)
    HAL_MPU_Enable                           0x08000fad   Thumb Code    30  stm32h7xx_hal_cortex.o(i.HAL_MPU_Enable)
    HAL_MspInit                              0x08000fd1   Thumb Code    32  stm32h7xx_hal_msp.o(i.HAL_MspInit)
    HAL_NVIC_EnableIRQ                       0x08000ff5   Thumb Code    26  stm32h7xx_hal_cortex.o(i.HAL_NVIC_EnableIRQ)
    HAL_NVIC_SetPriority                     0x08001011   Thumb Code    60  stm32h7xx_hal_cortex.o(i.HAL_NVIC_SetPriority)
    HAL_NVIC_SetPriorityGrouping             0x08001051   Thumb Code    28  stm32h7xx_hal_cortex.o(i.HAL_NVIC_SetPriorityGrouping)
    HAL_PWREx_ConfigSupply                   0x08001075   Thumb Code    78  stm32h7xx_hal_pwr_ex.o(i.HAL_PWREx_ConfigSupply)
    HAL_RCCEx_PeriphCLKConfig                0x080010c9   Thumb Code  2362  stm32h7xx_hal_rcc_ex.o(i.HAL_RCCEx_PeriphCLKConfig)
    HAL_RCC_ClockConfig                      0x08001a05   Thumb Code   580  stm32h7xx_hal_rcc.o(i.HAL_RCC_ClockConfig)
    HAL_RCC_GetClockConfig                   0x08001c61   Thumb Code    84  stm32h7xx_hal_rcc.o(i.HAL_RCC_GetClockConfig)
    HAL_RCC_GetHCLKFreq                      0x08001cbd   Thumb Code    52  stm32h7xx_hal_rcc.o(i.HAL_RCC_GetHCLKFreq)
    HAL_RCC_GetPCLK2Freq                     0x08001d01   Thumb Code    26  stm32h7xx_hal_rcc.o(i.HAL_RCC_GetPCLK2Freq)
    HAL_RCC_GetSysClockFreq                  0x08001d25   Thumb Code   278  stm32h7xx_hal_rcc.o(i.HAL_RCC_GetSysClockFreq)
    HAL_RCC_OscConfig                        0x08001e5d   Thumb Code  1318  stm32h7xx_hal_rcc.o(i.HAL_RCC_OscConfig)
    HAL_TIMEx_Break2Callback                 0x08002383   Thumb Code     2  stm32h7xx_hal_tim_ex.o(i.HAL_TIMEx_Break2Callback)
    HAL_TIMEx_BreakCallback                  0x08002385   Thumb Code     2  stm32h7xx_hal_tim_ex.o(i.HAL_TIMEx_BreakCallback)
    HAL_TIMEx_CommutCallback                 0x08002387   Thumb Code     2  stm32h7xx_hal_tim_ex.o(i.HAL_TIMEx_CommutCallback)
    HAL_TIM_Base_Init                        0x08002389   Thumb Code    98  stm32h7xx_hal_tim.o(i.HAL_TIM_Base_Init)
    HAL_TIM_Base_MspInit                     0x080023eb   Thumb Code     2  stm32h7xx_hal_tim.o(i.HAL_TIM_Base_MspInit)
    HAL_TIM_Base_Start_IT                    0x080023ed   Thumb Code   118  stm32h7xx_hal_tim.o(i.HAL_TIM_Base_Start_IT)
    HAL_TIM_IC_CaptureCallback               0x0800248d   Thumb Code     2  stm32h7xx_hal_tim.o(i.HAL_TIM_IC_CaptureCallback)
    HAL_TIM_IRQHandler                       0x0800248f   Thumb Code   328  stm32h7xx_hal_tim.o(i.HAL_TIM_IRQHandler)
    HAL_TIM_OC_DelayElapsedCallback          0x080025d7   Thumb Code     2  stm32h7xx_hal_tim.o(i.HAL_TIM_OC_DelayElapsedCallback)
    HAL_TIM_PWM_PulseFinishedCallback        0x080025d9   Thumb Code     2  stm32h7xx_hal_tim.o(i.HAL_TIM_PWM_PulseFinishedCallback)
    HAL_TIM_PeriodElapsedCallback            0x080025dd   Thumb Code    14  main.o(i.HAL_TIM_PeriodElapsedCallback)
    HAL_TIM_TriggerCallback                  0x080025f1   Thumb Code     2  stm32h7xx_hal_tim.o(i.HAL_TIM_TriggerCallback)
    HardFault_Handler                        0x080025f3   Thumb Code     2  stm32h7xx_it.o(i.HardFault_Handler)
    MX_FDCAN1_Init                           0x080025f5   Thumb Code    96  fdcan.o(i.MX_FDCAN1_Init)
    MX_FDCAN2_Init                           0x0800265d   Thumb Code    96  fdcan.o(i.MX_FDCAN2_Init)
    MX_FDCAN3_Init                           0x080026c5   Thumb Code    96  fdcan.o(i.MX_FDCAN3_Init)
    MX_FREERTOS_Init                         0x0800272d   Thumb Code    18  freertos.o(i.MX_FREERTOS_Init)
    MX_GPIO_Init                             0x0800274d   Thumb Code    70  gpio.o(i.MX_GPIO_Init)
    MemManage_Handler                        0x08002799   Thumb Code     2  stm32h7xx_it.o(i.MemManage_Handler)
    NMI_Handler                              0x0800279b   Thumb Code     2  stm32h7xx_it.o(i.NMI_Handler)
    StartDefaultTask                         0x080029dd   Thumb Code     8  freertos.o(i.StartDefaultTask)
    SysTick_Handler                          0x080029e5   Thumb Code    26  cmsis_os2.o(i.SysTick_Handler)
    SystemClock_Config                       0x08002a01   Thumb Code   146  main.o(i.SystemClock_Config)
    SystemInit                               0x08002a99   Thumb Code   184  system_stm32h7xx.o(i.SystemInit)
    TIM8_UP_TIM13_IRQHandler                 0x08002b71   Thumb Code     6  stm32h7xx_it.o(i.TIM8_UP_TIM13_IRQHandler)
    TIM_Base_SetConfig                       0x08002b7d   Thumb Code   182  stm32h7xx_hal_tim.o(i.TIM_Base_SetConfig)
    UsageFault_Handler                       0x08002c5d   Thumb Code     2  stm32h7xx_it.o(i.UsageFault_Handler)
    main                                     0x08002c81   Thumb Code   114  main.o(i.main)
    osDelay                                  0x08002cf3   Thumb Code    28  cmsis_os2.o(i.osDelay)
    osKernelInitialize                       0x08002d11   Thumb Code    32  cmsis_os2.o(i.osKernelInitialize)
    osKernelStart                            0x08002d35   Thumb Code    48  cmsis_os2.o(i.osKernelStart)
    osThreadNew                              0x08002d6d   Thumb Code   144  cmsis_os2.o(i.osThreadNew)
    pvPortMalloc                             0x08003595   Thumb Code   216  heap_4.o(i.pvPortMalloc)
    pxPortInitialiseStack                    0x08003671   Thumb Code    42  port.o(i.pxPortInitialiseStack)
    uxListRemove                             0x080036a1   Thumb Code    38  list.o(i.uxListRemove)
    vApplicationGetIdleTaskMemory            0x080036c9   Thumb Code    18  cmsis_os2.o(i.vApplicationGetIdleTaskMemory)
    vApplicationGetTimerTaskMemory           0x080036e1   Thumb Code    20  cmsis_os2.o(i.vApplicationGetTimerTaskMemory)
    vListInitialise                          0x080036f9   Thumb Code    22  list.o(i.vListInitialise)
    vListInitialiseItem                      0x0800370f   Thumb Code     6  list.o(i.vListInitialiseItem)
    vListInsert                              0x08003715   Thumb Code    48  list.o(i.vListInsert)
    vListInsertEnd                           0x08003745   Thumb Code    24  list.o(i.vListInsertEnd)
    vPortEnterCritical                       0x0800375d   Thumb Code    54  port.o(i.vPortEnterCritical)
    vPortExitCritical                        0x0800379d   Thumb Code    34  port.o(i.vPortExitCritical)
    vPortFree                                0x080037c5   Thumb Code    94  heap_4.o(i.vPortFree)
    vPortSetupTimerInterrupt                 0x08003829   Thumb Code    32  port.o(i.vPortSetupTimerInterrupt)
    vPortValidateInterruptPriority           0x0800384d   Thumb Code    74  port.o(i.vPortValidateInterruptPriority)
    vQueueAddToRegistry                      0x080038a1   Thumb Code    34  queue.o(i.vQueueAddToRegistry)
    vQueueWaitForMessageRestricted           0x080038c9   Thumb Code    68  queue.o(i.vQueueWaitForMessageRestricted)
    vTaskDelay                               0x0800390d   Thumb Code    66  tasks.o(i.vTaskDelay)
    vTaskInternalSetTimeOutState             0x08003959   Thumb Code    12  tasks.o(i.vTaskInternalSetTimeOutState)
    vTaskMissedYield                         0x08003969   Thumb Code     8  tasks.o(i.vTaskMissedYield)
    vTaskPlaceOnEventList                    0x08003975   Thumb Code    44  tasks.o(i.vTaskPlaceOnEventList)
    vTaskPlaceOnEventListRestricted          0x080039a5   Thumb Code    52  tasks.o(i.vTaskPlaceOnEventListRestricted)
    vTaskStartScheduler                      0x080039dd   Thumb Code   118  tasks.o(i.vTaskStartScheduler)
    vTaskSuspendAll                          0x08003a65   Thumb Code    10  tasks.o(i.vTaskSuspendAll)
    vTaskSwitchContext                       0x08003a75   Thumb Code    90  tasks.o(i.vTaskSwitchContext)
    xPortStartScheduler                      0x08003ad9   Thumb Code   222  port.o(i.xPortStartScheduler)
    xPortSysTickHandler                      0x08003bcd   Thumb Code    38  port.o(i.xPortSysTickHandler)
    xQueueGenericCreateStatic                0x08003bf9   Thumb Code   102  queue.o(i.xQueueGenericCreateStatic)
    xQueueGenericReset                       0x08003c61   Thumb Code   144  queue.o(i.xQueueGenericReset)
    xQueueGenericSend                        0x08003cf5   Thumb Code   346  queue.o(i.xQueueGenericSend)
    xQueueGenericSendFromISR                 0x08003e55   Thumb Code   190  queue.o(i.xQueueGenericSendFromISR)
    xQueueReceive                            0x08003f15   Thumb Code   310  queue.o(i.xQueueReceive)
    xTaskCheckForTimeOut                     0x08004051   Thumb Code   116  tasks.o(i.xTaskCheckForTimeOut)
    xTaskCreate                              0x080040c9   Thumb Code    90  tasks.o(i.xTaskCreate)
    xTaskCreateStatic                        0x08004123   Thumb Code    86  tasks.o(i.xTaskCreateStatic)
    xTaskGetSchedulerState                   0x08004179   Thumb Code    22  tasks.o(i.xTaskGetSchedulerState)
    xTaskGetTickCount                        0x08004195   Thumb Code     6  tasks.o(i.xTaskGetTickCount)
    xTaskIncrementTick                       0x080041a1   Thumb Code   192  tasks.o(i.xTaskIncrementTick)
    xTaskPriorityDisinherit                  0x08004269   Thumb Code   116  tasks.o(i.xTaskPriorityDisinherit)
    xTaskRemoveFromEventList                 0x080042e5   Thumb Code   100  tasks.o(i.xTaskRemoveFromEventList)
    xTaskResumeAll                           0x08004355   Thumb Code   184  tasks.o(i.xTaskResumeAll)
    xTimerCreateTimerTask                    0x08004419   Thumb Code    78  timers.o(i.xTimerCreateTimerTask)
    xTimerGenericCommand                     0x08004479   Thumb Code    98  timers.o(i.xTimerGenericCommand)
    _fp_init                                 0x080044e1   Thumb Code    10  fpinit.o(x$fpl$fpinit)
    __fplib_config_fpu_vfp                   0x080044e9   Thumb Code     0  fpinit.o(x$fpl$fpinit)
    __fplib_config_pureend_doubles           0x080044e9   Thumb Code     0  fpinit.o(x$fpl$fpinit)
    defaultTask_attributes                   0x080044ec   Data          36  freertos.o(.constdata)
    D1CorePrescTable                         0x0800456c   Data          16  system_stm32h7xx.o(.constdata)
    Region$$Table$$Base                      0x08004588   Number         0  anon$$obj.o(Region$$Table)
    Region$$Table$$Limit                     0x080045a8   Number         0  anon$$obj.o(Region$$Table)
    defaultTaskHandle                        0x24000000   Data           4  freertos.o(.data)
    uwTickFreq                               0x24000008   Data           1  stm32h7xx_hal.o(.data)
    uwTickPrio                               0x2400000c   Data           4  stm32h7xx_hal.o(.data)
    uwTick                                   0x24000010   Data           4  stm32h7xx_hal.o(.data)
    SystemCoreClock                          0x24000014   Data           4  system_stm32h7xx.o(.data)
    SystemD2Clock                            0x24000018   Data           4  system_stm32h7xx.o(.data)
    pxCurrentTCB                             0x2400001c   Data           4  tasks.o(.data)
    hfdcan1                                  0x2400009c   Data         160  fdcan.o(.bss)
    hfdcan2                                  0x2400013c   Data         160  fdcan.o(.bss)
    hfdcan3                                  0x240001dc   Data         160  fdcan.o(.bss)
    htim8                                    0x2400027c   Data          76  stm32h7xx_hal_timebase_tim.o(.bss)
    xQueueRegistry                           0x240002c8   Data          64  queue.o(.bss)
    __libspace_start                         0x24004b9c   Data          96  libspace.o(.bss)
    __temporary_stack_top$libspace           0x24004bfc   Data           0  libspace.o(.bss)



==============================================================================

Memory Map of the image

  Image Entry point : 0x080002cd

  Load Region LR_IROM1 (Base: 0x08000000, Size: 0x00004644, Max: 0x00100000, ABSOLUTE)

    Execution Region ER_IROM1 (Exec base: 0x08000000, Load base: 0x08000000, Size: 0x000045a8, Max: 0x00100000, ABSOLUTE)

    Exec Addr    Load Addr    Size         Type   Attr      Idx    E Section Name        Object

    0x08000000   0x08000000   0x000002cc   Data   RO            3    RESET               startup_stm32h723xx.o
    0x080002cc   0x080002cc   0x00000008   Code   RO         6544  * !!!main             c_w.l(__main.o)
    0x080002d4   0x080002d4   0x00000034   Code   RO         6703    !!!scatter          c_w.l(__scatter.o)
    0x08000308   0x08000308   0x0000001a   Code   RO         6705    !!handler_copy      c_w.l(__scatter_copy.o)
    0x08000322   0x08000322   0x00000002   PAD
    0x08000324   0x08000324   0x0000001c   Code   RO         6707    !!handler_zi        c_w.l(__scatter_zi.o)
    0x08000340   0x08000340   0x00000002   Code   RO         6573    .ARM.Collect$$libinit$$00000000  c_w.l(libinit.o)
    0x08000342   0x08000342   0x00000004   Code   RO         6579    .ARM.Collect$$libinit$$00000001  c_w.l(libinit2.o)
    0x08000346   0x08000346   0x00000000   Code   RO         6582    .ARM.Collect$$libinit$$00000004  c_w.l(libinit2.o)
    0x08000346   0x08000346   0x00000000   Code   RO         6585    .ARM.Collect$$libinit$$0000000A  c_w.l(libinit2.o)
    0x08000346   0x08000346   0x00000000   Code   RO         6587    .ARM.Collect$$libinit$$0000000C  c_w.l(libinit2.o)
    0x08000346   0x08000346   0x00000000   Code   RO         6589    .ARM.Collect$$libinit$$0000000E  c_w.l(libinit2.o)
    0x08000346   0x08000346   0x00000000   Code   RO         6592    .ARM.Collect$$libinit$$00000011  c_w.l(libinit2.o)
    0x08000346   0x08000346   0x00000000   Code   RO         6594    .ARM.Collect$$libinit$$00000013  c_w.l(libinit2.o)
    0x08000346   0x08000346   0x00000000   Code   RO         6596    .ARM.Collect$$libinit$$00000015  c_w.l(libinit2.o)
    0x08000346   0x08000346   0x00000000   Code   RO         6598    .ARM.Collect$$libinit$$00000017  c_w.l(libinit2.o)
    0x08000346   0x08000346   0x00000000   Code   RO         6600    .ARM.Collect$$libinit$$00000019  c_w.l(libinit2.o)
    0x08000346   0x08000346   0x00000000   Code   RO         6602    .ARM.Collect$$libinit$$0000001B  c_w.l(libinit2.o)
    0x08000346   0x08000346   0x00000000   Code   RO         6604    .ARM.Collect$$libinit$$0000001D  c_w.l(libinit2.o)
    0x08000346   0x08000346   0x00000000   Code   RO         6606    .ARM.Collect$$libinit$$0000001F  c_w.l(libinit2.o)
    0x08000346   0x08000346   0x00000000   Code   RO         6608    .ARM.Collect$$libinit$$00000021  c_w.l(libinit2.o)
    0x08000346   0x08000346   0x00000000   Code   RO         6610    .ARM.Collect$$libinit$$00000023  c_w.l(libinit2.o)
    0x08000346   0x08000346   0x00000000   Code   RO         6612    .ARM.Collect$$libinit$$00000025  c_w.l(libinit2.o)
    0x08000346   0x08000346   0x00000000   Code   RO         6616    .ARM.Collect$$libinit$$0000002C  c_w.l(libinit2.o)
    0x08000346   0x08000346   0x00000000   Code   RO         6618    .ARM.Collect$$libinit$$0000002E  c_w.l(libinit2.o)
    0x08000346   0x08000346   0x00000000   Code   RO         6620    .ARM.Collect$$libinit$$00000030  c_w.l(libinit2.o)
    0x08000346   0x08000346   0x00000000   Code   RO         6622    .ARM.Collect$$libinit$$00000032  c_w.l(libinit2.o)
    0x08000346   0x08000346   0x00000002   Code   RO         6623    .ARM.Collect$$libinit$$00000033  c_w.l(libinit2.o)
    0x08000348   0x08000348   0x00000002   Code   RO         6643    .ARM.Collect$$libshutdown$$00000000  c_w.l(libshutdown.o)
    0x0800034a   0x0800034a   0x00000000   Code   RO         6656    .ARM.Collect$$libshutdown$$00000002  c_w.l(libshutdown2.o)
    0x0800034a   0x0800034a   0x00000000   Code   RO         6658    .ARM.Collect$$libshutdown$$00000004  c_w.l(libshutdown2.o)
    0x0800034a   0x0800034a   0x00000000   Code   RO         6661    .ARM.Collect$$libshutdown$$00000007  c_w.l(libshutdown2.o)
    0x0800034a   0x0800034a   0x00000000   Code   RO         6664    .ARM.Collect$$libshutdown$$0000000A  c_w.l(libshutdown2.o)
    0x0800034a   0x0800034a   0x00000000   Code   RO         6666    .ARM.Collect$$libshutdown$$0000000C  c_w.l(libshutdown2.o)
    0x0800034a   0x0800034a   0x00000000   Code   RO         6669    .ARM.Collect$$libshutdown$$0000000F  c_w.l(libshutdown2.o)
    0x0800034a   0x0800034a   0x00000002   Code   RO         6670    .ARM.Collect$$libshutdown$$00000010  c_w.l(libshutdown2.o)
    0x0800034c   0x0800034c   0x00000000   Code   RO         6546    .ARM.Collect$$rtentry$$00000000  c_w.l(__rtentry.o)
    0x0800034c   0x0800034c   0x00000000   Code   RO         6550    .ARM.Collect$$rtentry$$00000002  c_w.l(__rtentry2.o)
    0x0800034c   0x0800034c   0x00000006   Code   RO         6562    .ARM.Collect$$rtentry$$00000004  c_w.l(__rtentry4.o)
    0x08000352   0x08000352   0x00000000   Code   RO         6552    .ARM.Collect$$rtentry$$00000009  c_w.l(__rtentry2.o)
    0x08000352   0x08000352   0x00000004   Code   RO         6553    .ARM.Collect$$rtentry$$0000000A  c_w.l(__rtentry2.o)
    0x08000356   0x08000356   0x00000000   Code   RO         6555    .ARM.Collect$$rtentry$$0000000C  c_w.l(__rtentry2.o)
    0x08000356   0x08000356   0x00000008   Code   RO         6556    .ARM.Collect$$rtentry$$0000000D  c_w.l(__rtentry2.o)
    0x0800035e   0x0800035e   0x00000002   Code   RO         6577    .ARM.Collect$$rtexit$$00000000  c_w.l(rtexit.o)
    0x08000360   0x08000360   0x00000000   Code   RO         6625    .ARM.Collect$$rtexit$$00000002  c_w.l(rtexit2.o)
    0x08000360   0x08000360   0x00000004   Code   RO         6626    .ARM.Collect$$rtexit$$00000003  c_w.l(rtexit2.o)
    0x08000364   0x08000364   0x00000006   Code   RO         6627    .ARM.Collect$$rtexit$$00000004  c_w.l(rtexit2.o)
    0x0800036a   0x0800036a   0x00000002   PAD
    0x0800036c   0x0800036c   0x000000be   Code   RO         6227    .emb_text           port.o
    0x0800042a   0x0800042a   0x00000002   PAD
    0x0800042c   0x0800042c   0x00000048   Code   RO            4    .text               startup_stm32h723xx.o
    0x08000474   0x08000474   0x0000008a   Code   RO         6532    .text               c_w.l(rt_memcpy_v6.o)
    0x080004fe   0x080004fe   0x00000064   Code   RO         6534    .text               c_w.l(rt_memcpy_w.o)
    0x08000562   0x08000562   0x00000010   Code   RO         6538    .text               c_w.l(aeabi_memset.o)
    0x08000572   0x08000572   0x0000004e   Code   RO         6540    .text               c_w.l(rt_memclr_w.o)
    0x080005c0   0x080005c0   0x00000006   Code   RO         6542    .text               c_w.l(heapauxi.o)
    0x080005c6   0x080005c6   0x00000044   Code   RO         6547    .text               c_w.l(rt_memclr.o)
    0x0800060a   0x0800060a   0x0000004a   Code   RO         6564    .text               c_w.l(sys_stackheap_outer.o)
    0x08000654   0x08000654   0x00000012   Code   RO         6566    .text               c_w.l(exit.o)
    0x08000666   0x08000666   0x00000002   PAD
    0x08000668   0x08000668   0x00000008   Code   RO         6574    .text               c_w.l(libspace.o)
    0x08000670   0x08000670   0x0000000c   Code   RO         6635    .text               c_w.l(sys_exit.o)
    0x0800067c   0x0800067c   0x00000002   Code   RO         6646    .text               c_w.l(use_no_semi.o)
    0x0800067e   0x0800067e   0x00000000   Code   RO         6648    .text               c_w.l(indicate_semi.o)
    0x0800067e   0x0800067e   0x00000002   Code   RO          328    i.BusFault_Handler  stm32h7xx_it.o
    0x08000680   0x08000680   0x00000002   Code   RO          329    i.DebugMon_Handler  stm32h7xx_it.o
    0x08000682   0x08000682   0x00000004   Code   RO           13    i.Error_Handler     main.o
    0x08000686   0x08000686   0x00000002   PAD
    0x08000688   0x08000688   0x0000001c   Code   RO         4506    i.ExitRun0Mode      system_stm32h7xx.o
    0x080006a4   0x080006a4   0x000001c8   Code   RO         1627    i.FDCAN_CalcultateRamBlockAddresses  stm32h7xx_hal_fdcan.o
    0x0800086c   0x0800086c   0x00000244   Code   RO         1679    i.HAL_FDCAN_Init    stm32h7xx_hal_fdcan.o
    0x08000ab0   0x08000ab0   0x0000016c   Code   RO          274    i.HAL_FDCAN_MspInit  fdcan.o
    0x08000c1c   0x08000c1c   0x0000021c   Code   RO         2718    i.HAL_GPIO_Init     stm32h7xx_hal_gpio.o
    0x08000e38   0x08000e38   0x0000000c   Code   RO         3583    i.HAL_GetTick       stm32h7xx_hal.o
    0x08000e44   0x08000e44   0x00000010   Code   RO         3589    i.HAL_IncTick       stm32h7xx_hal.o
    0x08000e54   0x08000e54   0x0000005c   Code   RO         3590    i.HAL_Init          stm32h7xx_hal.o
    0x08000eb0   0x08000eb0   0x00000084   Code   RO          416    i.HAL_InitTick      stm32h7xx_hal_timebase_tim.o
    0x08000f34   0x08000f34   0x0000005c   Code   RO         1475    i.HAL_MPU_ConfigRegion  stm32h7xx_hal_cortex.o
    0x08000f90   0x08000f90   0x0000001c   Code   RO         1476    i.HAL_MPU_Disable   stm32h7xx_hal_cortex.o
    0x08000fac   0x08000fac   0x00000024   Code   RO         1478    i.HAL_MPU_Enable    stm32h7xx_hal_cortex.o
    0x08000fd0   0x08000fd0   0x00000024   Code   RO          392    i.HAL_MspInit       stm32h7xx_hal_msp.o
    0x08000ff4   0x08000ff4   0x0000001a   Code   RO         1482    i.HAL_NVIC_EnableIRQ  stm32h7xx_hal_cortex.o
    0x0800100e   0x0800100e   0x00000002   PAD
    0x08001010   0x08001010   0x00000040   Code   RO         1488    i.HAL_NVIC_SetPriority  stm32h7xx_hal_cortex.o
    0x08001050   0x08001050   0x00000024   Code   RO         1489    i.HAL_NVIC_SetPriorityGrouping  stm32h7xx_hal_cortex.o
    0x08001074   0x08001074   0x00000054   Code   RO         3319    i.HAL_PWREx_ConfigSupply  stm32h7xx_hal_pwr_ex.o
    0x080010c8   0x080010c8   0x0000093a   Code   RO         2370    i.HAL_RCCEx_PeriphCLKConfig  stm32h7xx_hal_rcc_ex.o
    0x08001a02   0x08001a02   0x00000002   PAD
    0x08001a04   0x08001a04   0x0000025c   Code   RO         2246    i.HAL_RCC_ClockConfig  stm32h7xx_hal_rcc.o
    0x08001c60   0x08001c60   0x0000005c   Code   RO         2250    i.HAL_RCC_GetClockConfig  stm32h7xx_hal_rcc.o
    0x08001cbc   0x08001cbc   0x00000044   Code   RO         2251    i.HAL_RCC_GetHCLKFreq  stm32h7xx_hal_rcc.o
    0x08001d00   0x08001d00   0x00000024   Code   RO         2254    i.HAL_RCC_GetPCLK2Freq  stm32h7xx_hal_rcc.o
    0x08001d24   0x08001d24   0x00000138   Code   RO         2255    i.HAL_RCC_GetSysClockFreq  stm32h7xx_hal_rcc.o
    0x08001e5c   0x08001e5c   0x00000526   Code   RO         2258    i.HAL_RCC_OscConfig  stm32h7xx_hal_rcc.o
    0x08002382   0x08002382   0x00000002   Code   RO         1171    i.HAL_TIMEx_Break2Callback  stm32h7xx_hal_tim_ex.o
    0x08002384   0x08002384   0x00000002   Code   RO         1172    i.HAL_TIMEx_BreakCallback  stm32h7xx_hal_tim_ex.o
    0x08002386   0x08002386   0x00000002   Code   RO         1173    i.HAL_TIMEx_CommutCallback  stm32h7xx_hal_tim_ex.o
    0x08002388   0x08002388   0x00000062   Code   RO          457    i.HAL_TIM_Base_Init  stm32h7xx_hal_tim.o
    0x080023ea   0x080023ea   0x00000002   Code   RO          459    i.HAL_TIM_Base_MspInit  stm32h7xx_hal_tim.o
    0x080023ec   0x080023ec   0x000000a0   Code   RO          462    i.HAL_TIM_Base_Start_IT  stm32h7xx_hal_tim.o
    0x0800248c   0x0800248c   0x00000002   Code   RO          491    i.HAL_TIM_IC_CaptureCallback  stm32h7xx_hal_tim.o
    0x0800248e   0x0800248e   0x00000148   Code   RO          505    i.HAL_TIM_IRQHandler  stm32h7xx_hal_tim.o
    0x080025d6   0x080025d6   0x00000002   Code   RO          508    i.HAL_TIM_OC_DelayElapsedCallback  stm32h7xx_hal_tim.o
    0x080025d8   0x080025d8   0x00000002   Code   RO          535    i.HAL_TIM_PWM_PulseFinishedCallback  stm32h7xx_hal_tim.o
    0x080025da   0x080025da   0x00000002   PAD
    0x080025dc   0x080025dc   0x00000014   Code   RO           14    i.HAL_TIM_PeriodElapsedCallback  main.o
    0x080025f0   0x080025f0   0x00000002   Code   RO          548    i.HAL_TIM_TriggerCallback  stm32h7xx_hal_tim.o
    0x080025f2   0x080025f2   0x00000002   Code   RO          330    i.HardFault_Handler  stm32h7xx_it.o
    0x080025f4   0x080025f4   0x00000068   Code   RO          275    i.MX_FDCAN1_Init    fdcan.o
    0x0800265c   0x0800265c   0x00000068   Code   RO          276    i.MX_FDCAN2_Init    fdcan.o
    0x080026c4   0x080026c4   0x00000068   Code   RO          277    i.MX_FDCAN3_Init    fdcan.o
    0x0800272c   0x0800272c   0x00000020   Code   RO          230    i.MX_FREERTOS_Init  freertos.o
    0x0800274c   0x0800274c   0x0000004c   Code   RO          206    i.MX_GPIO_Init      gpio.o
    0x08002798   0x08002798   0x00000002   Code   RO          331    i.MemManage_Handler  stm32h7xx_it.o
    0x0800279a   0x0800279a   0x00000002   Code   RO          332    i.NMI_Handler       stm32h7xx_it.o
    0x0800279c   0x0800279c   0x00000120   Code   RO         2373    i.RCCEx_PLL2_Config  stm32h7xx_hal_rcc_ex.o
    0x080028bc   0x080028bc   0x00000120   Code   RO         2374    i.RCCEx_PLL3_Config  stm32h7xx_hal_rcc_ex.o
    0x080029dc   0x080029dc   0x00000008   Code   RO          231    i.StartDefaultTask  freertos.o
    0x080029e4   0x080029e4   0x0000001a   Code   RO         5659    i.SysTick_Handler   cmsis_os2.o
    0x080029fe   0x080029fe   0x00000002   PAD
    0x08002a00   0x08002a00   0x00000098   Code   RO           15    i.SystemClock_Config  main.o
    0x08002a98   0x08002a98   0x000000d8   Code   RO         4508    i.SystemInit        system_stm32h7xx.o
    0x08002b70   0x08002b70   0x0000000c   Code   RO          333    i.TIM8_UP_TIM13_IRQHandler  stm32h7xx_it.o
    0x08002b7c   0x08002b7c   0x000000e0   Code   RO          550    i.TIM_Base_SetConfig  stm32h7xx_hal_tim.o
    0x08002c5c   0x08002c5c   0x00000002   Code   RO          334    i.UsageFault_Handler  stm32h7xx_it.o
    0x08002c5e   0x08002c5e   0x00000022   Code   RO         1495    i.__NVIC_SetPriority  stm32h7xx_hal_cortex.o
    0x08002c80   0x08002c80   0x00000072   Code   RO           16    i.main              main.o
    0x08002cf2   0x08002cf2   0x0000001c   Code   RO         5661    i.osDelay           cmsis_os2.o
    0x08002d0e   0x08002d0e   0x00000002   PAD
    0x08002d10   0x08002d10   0x00000024   Code   RO         5675    i.osKernelInitialize  cmsis_os2.o
    0x08002d34   0x08002d34   0x00000038   Code   RO         5678    i.osKernelStart     cmsis_os2.o
    0x08002d6c   0x08002d6c   0x00000090   Code   RO         5720    i.osThreadNew       cmsis_os2.o
    0x08002dfc   0x08002dfc   0x0000005c   Code   RO         5120    i.prvAddCurrentTaskToDelayedList  tasks.o
    0x08002e58   0x08002e58   0x000000d0   Code   RO         5121    i.prvAddNewTaskToReadyList  tasks.o
    0x08002f28   0x08002f28   0x00000058   Code   RO         5485    i.prvCheckForValidListAndQueue  timers.o
    0x08002f80   0x08002f80   0x00000026   Code   RO         4717    i.prvCopyDataFromQueue  queue.o
    0x08002fa6   0x08002fa6   0x0000006c   Code   RO         4718    i.prvCopyDataToQueue  queue.o
    0x08003012   0x08003012   0x00000034   Code   RO         5122    i.prvDeleteTCB      tasks.o
    0x08003046   0x08003046   0x00000002   PAD
    0x08003048   0x08003048   0x00000050   Code   RO         6172    i.prvHeapInit       heap_4.o
    0x08003098   0x08003098   0x00000060   Code   RO         5123    i.prvIdleTask       tasks.o
    0x080030f8   0x080030f8   0x00000022   Code   RO         4720    i.prvInitialiseNewQueue  queue.o
    0x0800311a   0x0800311a   0x000000b0   Code   RO         5124    i.prvInitialiseNewTask  tasks.o
    0x080031ca   0x080031ca   0x00000002   PAD
    0x080031cc   0x080031cc   0x0000004c   Code   RO         6173    i.prvInsertBlockIntoFreeList  heap_4.o
    0x08003218   0x08003218   0x0000003c   Code   RO         5487    i.prvInsertTimerInActiveList  timers.o
    0x08003254   0x08003254   0x0000001c   Code   RO         4721    i.prvIsQueueEmpty   queue.o
    0x08003270   0x08003270   0x000000f8   Code   RO         5488    i.prvProcessReceivedCommands  timers.o
    0x08003368   0x08003368   0x000000c0   Code   RO         5489    i.prvProcessTimerOrBlockTask  timers.o
    0x08003428   0x08003428   0x00000020   Code   RO         5126    i.prvResetNextTaskUnblockTime  tasks.o
    0x08003448   0x08003448   0x00000028   Code   RO         5490    i.prvSampleTimeNow  timers.o
    0x08003470   0x08003470   0x0000006c   Code   RO         5491    i.prvSwitchTimerLists  timers.o
    0x080034dc   0x080034dc   0x00000028   Code   RO         6228    i.prvTaskExitError  port.o
    0x08003504   0x08003504   0x00000024   Code   RO         5492    i.prvTimerTask      timers.o
    0x08003528   0x08003528   0x0000006a   Code   RO         4722    i.prvUnlockQueue    queue.o
    0x08003592   0x08003592   0x00000002   PAD
    0x08003594   0x08003594   0x000000dc   Code   RO         6174    i.pvPortMalloc      heap_4.o
    0x08003670   0x08003670   0x00000030   Code   RO         6229    i.pxPortInitialiseStack  port.o
    0x080036a0   0x080036a0   0x00000026   Code   RO         4677    i.uxListRemove      list.o
    0x080036c6   0x080036c6   0x00000002   PAD
    0x080036c8   0x080036c8   0x00000018   Code   RO         5732    i.vApplicationGetIdleTaskMemory  cmsis_os2.o
    0x080036e0   0x080036e0   0x00000018   Code   RO         5733    i.vApplicationGetTimerTaskMemory  cmsis_os2.o
    0x080036f8   0x080036f8   0x00000016   Code   RO         4678    i.vListInitialise   list.o
    0x0800370e   0x0800370e   0x00000006   Code   RO         4679    i.vListInitialiseItem  list.o
    0x08003714   0x08003714   0x00000030   Code   RO         4680    i.vListInsert       list.o
    0x08003744   0x08003744   0x00000018   Code   RO         4681    i.vListInsertEnd    list.o
    0x0800375c   0x0800375c   0x00000040   Code   RO         6231    i.vPortEnterCritical  port.o
    0x0800379c   0x0800379c   0x00000028   Code   RO         6232    i.vPortExitCritical  port.o
    0x080037c4   0x080037c4   0x00000064   Code   RO         6175    i.vPortFree         heap_4.o
    0x08003828   0x08003828   0x00000024   Code   RO         6233    i.vPortSetupTimerInterrupt  port.o
    0x0800384c   0x0800384c   0x00000054   Code   RO         6234    i.vPortValidateInterruptPriority  port.o
    0x080038a0   0x080038a0   0x00000028   Code   RO         4728    i.vQueueAddToRegistry  queue.o
    0x080038c8   0x080038c8   0x00000044   Code   RO         4732    i.vQueueWaitForMessageRestricted  queue.o
    0x0800390c   0x0800390c   0x0000004c   Code   RO         5139    i.vTaskDelay        tasks.o
    0x08003958   0x08003958   0x00000010   Code   RO         5144    i.vTaskInternalSetTimeOutState  tasks.o
    0x08003968   0x08003968   0x0000000c   Code   RO         5145    i.vTaskMissedYield  tasks.o
    0x08003974   0x08003974   0x00000030   Code   RO         5147    i.vTaskPlaceOnEventList  tasks.o
    0x080039a4   0x080039a4   0x00000038   Code   RO         5148    i.vTaskPlaceOnEventListRestricted  tasks.o
    0x080039dc   0x080039dc   0x00000088   Code   RO         5156    i.vTaskStartScheduler  tasks.o
    0x08003a64   0x08003a64   0x00000010   Code   RO         5158    i.vTaskSuspendAll   tasks.o
    0x08003a74   0x08003a74   0x00000064   Code   RO         5159    i.vTaskSwitchContext  tasks.o
    0x08003ad8   0x08003ad8   0x000000f4   Code   RO         6235    i.xPortStartScheduler  port.o
    0x08003bcc   0x08003bcc   0x0000002c   Code   RO         6236    i.xPortSysTickHandler  port.o
    0x08003bf8   0x08003bf8   0x00000066   Code   RO         4738    i.xQueueGenericCreateStatic  queue.o
    0x08003c5e   0x08003c5e   0x00000002   PAD
    0x08003c60   0x08003c60   0x00000094   Code   RO         4739    i.xQueueGenericReset  queue.o
    0x08003cf4   0x08003cf4   0x00000160   Code   RO         4740    i.xQueueGenericSend  queue.o
    0x08003e54   0x08003e54   0x000000be   Code   RO         4741    i.xQueueGenericSendFromISR  queue.o
    0x08003f12   0x08003f12   0x00000002   PAD
    0x08003f14   0x08003f14   0x0000013c   Code   RO         4750    i.xQueueReceive     queue.o
    0x08004050   0x08004050   0x00000078   Code   RO         5161    i.xTaskCheckForTimeOut  tasks.o
    0x080040c8   0x080040c8   0x0000005a   Code   RO         5162    i.xTaskCreate       tasks.o
    0x08004122   0x08004122   0x00000056   Code   RO         5163    i.xTaskCreateStatic  tasks.o
    0x08004178   0x08004178   0x0000001c   Code   RO         5167    i.xTaskGetSchedulerState  tasks.o
    0x08004194   0x08004194   0x0000000c   Code   RO         5168    i.xTaskGetTickCount  tasks.o
    0x080041a0   0x080041a0   0x000000c8   Code   RO         5170    i.xTaskIncrementTick  tasks.o
    0x08004268   0x08004268   0x0000007c   Code   RO         5173    i.xTaskPriorityDisinherit  tasks.o
    0x080042e4   0x080042e4   0x00000070   Code   RO         5175    i.xTaskRemoveFromEventList  tasks.o
    0x08004354   0x08004354   0x000000c4   Code   RO         5176    i.xTaskResumeAll    tasks.o
    0x08004418   0x08004418   0x00000060   Code   RO         5501    i.xTimerCreateTimerTask  timers.o
    0x08004478   0x08004478   0x00000068   Code   RO         5502    i.xTimerGenericCommand  timers.o
    0x080044e0   0x080044e0   0x0000000a   Code   RO         6633    x$fpl$fpinit        fz_wv.l(fpinit.o)
    0x080044ea   0x080044ea   0x00000002   PAD
    0x080044ec   0x080044ec   0x00000024   Data   RO          232    .constdata          freertos.o
    0x08004510   0x08004510   0x0000005c   Data   RO         1727    .constdata          stm32h7xx_hal_fdcan.o
    0x0800456c   0x0800456c   0x00000010   Data   RO         4509    .constdata          system_stm32h7xx.o
    0x0800457c   0x0800457c   0x0000000c   Data   RO          233    .conststring        freertos.o
    0x08004588   0x08004588   0x00000020   Data   RO         6701    Region$$Table       anon$$obj.o


    Execution Region RW_IRAM1 (Exec base: 0x20000000, Load base: 0x080045a8, Size: 0x00000000, Max: 0x00020000, ABSOLUTE)

    **** No section assigned to this execution region ****


    Execution Region RW_IRAM2 (Exec base: 0x24000000, Load base: 0x080045a8, Size: 0x00005200, Max: 0x00050000, ABSOLUTE)

    Exec Addr    Load Addr    Size         Type   Attr      Idx    E Section Name        Object

    0x24000000   0x080045a8   0x00000004   Data   RW          234    .data               freertos.o
    0x24000004   0x080045ac   0x00000004   Data   RW          279    .data               fdcan.o
    0x24000008   0x080045b0   0x0000000c   Data   RW         3614    .data               stm32h7xx_hal.o
    0x24000014   0x080045bc   0x00000008   Data   RW         4510    .data               system_stm32h7xx.o
    0x2400001c   0x080045c4   0x0000003c   Data   RW         5179    .data               tasks.o
    0x24000058   0x08004600   0x00000014   Data   RW         5510    .data               timers.o
    0x2400006c   0x08004614   0x00000004   Data   RW         5735    .data               cmsis_os2.o
    0x24000070   0x08004618   0x00000020   Data   RW         6181    .data               heap_4.o
    0x24000090   0x08004638   0x0000000c   Data   RW         6237    .data               port.o
    0x2400009c        -       0x000001e0   Zero   RW          278    .bss                fdcan.o
    0x2400027c        -       0x0000004c   Zero   RW          419    .bss                stm32h7xx_hal_timebase_tim.o
    0x240002c8        -       0x00000040   Zero   RW         4754    .bss                queue.o
    0x24000308        -       0x000004c4   Zero   RW         5178    .bss                tasks.o
    0x240007cc        -       0x00000118   Zero   RW         5509    .bss                timers.o
    0x240008e4        -       0x000006b8   Zero   RW         5734    .bss                cmsis_os2.o
    0x24000f9c        -       0x00003c00   Zero   RW         6180    .bss                heap_4.o
    0x24004b9c        -       0x00000060   Zero   RW         6575    .bss                c_w.l(libspace.o)
    0x24004bfc   0x08004644   0x00000004   PAD
    0x24004c00        -       0x00000200   Zero   RW            2    HEAP                startup_stm32h723xx.o
    0x24004e00        -       0x00000400   Zero   RW            1    STACK               startup_stm32h723xx.o


==============================================================================

Image component sizes


      Code (inc. data)   RO Data    RW Data    ZI Data      Debug   Object Name

       338         22          0          4       1720      71667   cmsis_os2.o
         0          0          0          0          0      19648   event_groups.o
       676         58          0          4        480       3641   fdcan.o
        40         14         48          4          0       1865   freertos.o
        76          6          0          0          0        935   gpio.o
       476         24          0         32      15360       5111   heap_4.o
       138          0          0          0          0       3794   list.o
       290         12          0          0          0    1214979   main.o
       790         84          0         12          0      12009   port.o
      1530         22          0          0         64      18076   queue.o
        72         30        716          0       1536        888   startup_stm32h723xx.o
       120         28          0         12          0      22530   stm32h7xx_hal.o
       316         28          0          0          0      41332   stm32h7xx_hal_cortex.o
      1036         18         92          0          0       4713   stm32h7xx_hal_fdcan.o
       540         44          0          0          0       1624   stm32h7xx_hal_gpio.o
        36          4          0          0          0        906   stm32h7xx_hal_msp.o
        84          6          0          0          0        829   stm32h7xx_hal_pwr_ex.o
      2430        100          0          0          0       7426   stm32h7xx_hal_rcc.o
      2938         46          0          0          0       5287   stm32h7xx_hal_rcc_ex.o
       820         84          0          0          0       7968   stm32h7xx_hal_tim.o
         6          0          0          0          0       2388   stm32h7xx_hal_tim_ex.o
       132         22          0          0         76       1579   stm32h7xx_hal_timebase_tim.o
        24          6          0          0          0       3552   stm32h7xx_it.o
         0          0          0          0          0        392   stream_buffer.o
       244         38         16          8          0       2041   system_stm32h7xx.o
      2084        162          0         60       1220      27964   tasks.o
       972         84          0         20        280      32767   timers.o

    ----------------------------------------------------------------------
     16234        942        904        156      20736    1515911   Object Totals
         0          0         32          0          0          0   (incl. Generated)
        26          0          0          0          0          0   (incl. Padding)

    ----------------------------------------------------------------------

      Code (inc. data)   RO Data    RW Data    ZI Data      Debug   Library Member Name

         8          0          0          0          0         68   __main.o
         0          0          0          0          0          0   __rtentry.o
        12          0          0          0          0          0   __rtentry2.o
         6          0          0          0          0          0   __rtentry4.o
        52          8          0          0          0          0   __scatter.o
        26          0          0          0          0          0   __scatter_copy.o
        28          0          0          0          0          0   __scatter_zi.o
        16          0          0          0          0         68   aeabi_memset.o
        18          0          0          0          0         80   exit.o
         6          0          0          0          0        152   heapauxi.o
         0          0          0          0          0          0   indicate_semi.o
         2          0          0          0          0          0   libinit.o
         6          0          0          0          0          0   libinit2.o
         2          0          0          0          0          0   libshutdown.o
         2          0          0          0          0          0   libshutdown2.o
         8          4          0          0         96         68   libspace.o
        68          0          0          0          0         68   rt_memclr.o
        78          0          0          0          0         80   rt_memclr_w.o
       138          0          0          0          0         68   rt_memcpy_v6.o
       100          0          0          0          0         80   rt_memcpy_w.o
         2          0          0          0          0          0   rtexit.o
        10          0          0          0          0          0   rtexit2.o
        12          4          0          0          0         68   sys_exit.o
        74          0          0          0          0         80   sys_stackheap_outer.o
         2          0          0          0          0         68   use_no_semi.o
        10          0          0          0          0        116   fpinit.o

    ----------------------------------------------------------------------
       694         16          0          0        100       1064   Library Totals
         8          0          0          0          4          0   (incl. Padding)

    ----------------------------------------------------------------------

      Code (inc. data)   RO Data    RW Data    ZI Data      Debug   Library Name

       676         16          0          0         96        948   c_w.l
        10          0          0          0          0        116   fz_wv.l

    ----------------------------------------------------------------------
       694         16          0          0        100       1064   Library Totals

    ----------------------------------------------------------------------

==============================================================================


      Code (inc. data)   RO Data    RW Data    ZI Data      Debug   

     16928        958        904        156      20836    1504959   Grand Totals
     16928        958        904        156      20836    1504959   ELF Image Totals
     16928        958        904        156          0          0   ROM Totals

==============================================================================

    Total RO  Size (Code + RO Data)                17832 (  17.41kB)
    Total RW  Size (RW Data + ZI Data)             20992 (  20.50kB)
    Total ROM Size (Code + RO Data + RW Data)      17988 (  17.57kB)

==============================================================================

