<html>
<body>
<pre>
<h1>µVision Build Log</h1>
<h2>Tool Versions:</h2>
IDE-Version: ¦ÌVision V5.42.0.0
Copyright (C) 2025 ARM Ltd and ARM Germany GmbH. All rights reserved.
License Information: A 8613005263146, A, LIC=HN0AE-5PIKZ-NNWAF-6E0ZY-APN1K-62ZBQ
 
Tool Versions:
Toolchain:       MDK-ARM Plus  Version: 5.42.0.0
Toolchain Path:  C:\Keil_v5\ARM\ARMCC\Bin
C Compiler:      Armcc.exe V5.06 update 5 (build 528)
Assembler:       Armasm.exe V5.06 update 5 (build 528)
Linker/Locator:  ArmLink.exe V5.06 update 5 (build 528)
Library Manager: ArmAr.exe V5.06 update 5 (build 528)
Hex Converter:   FromElf.exe V5.06 update 5 (build 528)
CPU DLL:         SARMCM3.DLL V5.42.0.0
Dialog DLL:      DCM.DLL V1.17.5.0
Target DLL:      STLink\ST-LINKIII-KEIL_SWO.dll V3.3.0.0
Dialog DLL:      TCM.DLL V1.56.6.0
 
<h2>Project:</h2>
F:\MyProjectFlies\STM32_CubeMXProject\STM32F4\Project\Motor_Package\H7_MOTOR\MDK-ARM\H7_MOTOR.uvprojx
Project File Date:  08/16/2025

<h2>Output:</h2>
*** Using Compiler 'V5.06 update 5 (build 528)', folder: 'C:\Keil_v5\ARM\ARMCC\Bin'
Build target 'H7_MOTOR'
compiling fdCAN_driver.cpp...
linking...
Program Size: Code=16928 RO-data=904 RW-data=156 ZI-data=20836  
FromELF: creating hex file...
"H7_MOTOR\H7_MOTOR.axf" - 0 Error(s), 0 Warning(s).

<h2>Software Packages used:</h2>

Package Vendor: ARM
                https://www.keil.com/pack/ARM.CMSIS.6.1.0.pack
                ARM::CMSIS@6.1.0
                CMSIS (Common Microcontroller Software Interface Standard)
   * Component: CORE Version: 6.1.0

Package Vendor: Keil
                https://www.keil.com/pack/Keil.STM32H7xx_DFP.4.1.0.pack
                Keil::STM32H7xx_DFP@4.1.0
                STMicroelectronics STM32H7 Series Device Support

<h2>Collection of Component include folders:</h2>
  ./RTE/_H7_MOTOR
  C:/Keil_v5/ARM/PACK/ARM/CMSIS/6.1.0/CMSIS/Core/Include

<h2>Collection of Component Files used:</h2>

   * Component: ARM::CMSIS:CORE@6.1.0
      Include file:  CMSIS/Core/Include/tz_context.h
Build Time Elapsed:  00:00:04
</pre>
</body>
</html>
